Archive member included to satisfy reference by file (symbol)

C:/ST/STM32CubeIDE_1.15.1/STM32CubeIDE/plugins/com.st.stm32cube.ide.mcu.externaltools.gnu-tools-for-stm32.12.3.rel1.win32_1.0.200.202406191623/tools/bin/../lib/gcc/arm-none-eabi/12.3.1/../../../../arm-none-eabi/lib/thumb/v7e-m+fp/hard\libc_nano.a(libc_a-exit.o)
                              C:/ST/STM32CubeIDE_1.15.1/STM32CubeIDE/plugins/com.st.stm32cube.ide.mcu.externaltools.gnu-tools-for-stm32.12.3.rel1.win32_1.0.200.202406191623/tools/bin/../lib/gcc/arm-none-eabi/12.3.1/../../../../arm-none-eabi/lib/thumb/v7e-m+fp/hard/crt0.o (exit)
C:/ST/STM32CubeIDE_1.15.1/STM32CubeIDE/plugins/com.st.stm32cube.ide.mcu.externaltools.gnu-tools-for-stm32.12.3.rel1.win32_1.0.200.202406191623/tools/bin/../lib/gcc/arm-none-eabi/12.3.1/../../../../arm-none-eabi/lib/thumb/v7e-m+fp/hard\libc_nano.a(libc_a-malloc.o)
                              ./Libraries/ioLibrary_Driver/Internet/httpServer/httpServer.o (malloc)
C:/ST/STM32CubeIDE_1.15.1/STM32CubeIDE/plugins/com.st.stm32cube.ide.mcu.externaltools.gnu-tools-for-stm32.12.3.rel1.win32_1.0.200.202406191623/tools/bin/../lib/gcc/arm-none-eabi/12.3.1/../../../../arm-none-eabi/lib/thumb/v7e-m+fp/hard\libc_nano.a(libc_a-mallocr.o)
                              C:/ST/STM32CubeIDE_1.15.1/STM32CubeIDE/plugins/com.st.stm32cube.ide.mcu.externaltools.gnu-tools-for-stm32.12.3.rel1.win32_1.0.200.202406191623/tools/bin/../lib/gcc/arm-none-eabi/12.3.1/../../../../arm-none-eabi/lib/thumb/v7e-m+fp/hard\libc_nano.a(libc_a-malloc.o) (_malloc_r)
C:/ST/STM32CubeIDE_1.15.1/STM32CubeIDE/plugins/com.st.stm32cube.ide.mcu.externaltools.gnu-tools-for-stm32.12.3.rel1.win32_1.0.200.202406191623/tools/bin/../lib/gcc/arm-none-eabi/12.3.1/../../../../arm-none-eabi/lib/thumb/v7e-m+fp/hard\libc_nano.a(libc_a-mlock.o)
                              C:/ST/STM32CubeIDE_1.15.1/STM32CubeIDE/plugins/com.st.stm32cube.ide.mcu.externaltools.gnu-tools-for-stm32.12.3.rel1.win32_1.0.200.202406191623/tools/bin/../lib/gcc/arm-none-eabi/12.3.1/../../../../arm-none-eabi/lib/thumb/v7e-m+fp/hard\libc_nano.a(libc_a-mallocr.o) (__malloc_lock)
C:/ST/STM32CubeIDE_1.15.1/STM32CubeIDE/plugins/com.st.stm32cube.ide.mcu.externaltools.gnu-tools-for-stm32.12.3.rel1.win32_1.0.200.202406191623/tools/bin/../lib/gcc/arm-none-eabi/12.3.1/../../../../arm-none-eabi/lib/thumb/v7e-m+fp/hard\libc_nano.a(libc_a-strtol.o)
                              ./Libraries/ioLibrary_Driver/Internet/TFTP/netutil.o (strtol)
C:/ST/STM32CubeIDE_1.15.1/STM32CubeIDE/plugins/com.st.stm32cube.ide.mcu.externaltools.gnu-tools-for-stm32.12.3.rel1.win32_1.0.200.202406191623/tools/bin/../lib/gcc/arm-none-eabi/12.3.1/../../../../arm-none-eabi/lib/thumb/v7e-m+fp/hard\libc_nano.a(libc_a-ctype_.o)
                              ./Libraries/ioLibrary_Driver/Internet/SNMP/snmp.o (_ctype_)
C:/ST/STM32CubeIDE_1.15.1/STM32CubeIDE/plugins/com.st.stm32cube.ide.mcu.externaltools.gnu-tools-for-stm32.12.3.rel1.win32_1.0.200.202406191623/tools/bin/../lib/gcc/arm-none-eabi/12.3.1/../../../../arm-none-eabi/lib/thumb/v7e-m+fp/hard\libc_nano.a(libc_a-findfp.o)
                              C:/ST/STM32CubeIDE_1.15.1/STM32CubeIDE/plugins/com.st.stm32cube.ide.mcu.externaltools.gnu-tools-for-stm32.12.3.rel1.win32_1.0.200.202406191623/tools/bin/../lib/gcc/arm-none-eabi/12.3.1/../../../../arm-none-eabi/lib/thumb/v7e-m+fp/hard\libc_nano.a(libc_a-exit.o) (__stdio_exit_handler)
C:/ST/STM32CubeIDE_1.15.1/STM32CubeIDE/plugins/com.st.stm32cube.ide.mcu.externaltools.gnu-tools-for-stm32.12.3.rel1.win32_1.0.200.202406191623/tools/bin/../lib/gcc/arm-none-eabi/12.3.1/../../../../arm-none-eabi/lib/thumb/v7e-m+fp/hard\libc_nano.a(libc_a-fwalk.o)
                              C:/ST/STM32CubeIDE_1.15.1/STM32CubeIDE/plugins/com.st.stm32cube.ide.mcu.externaltools.gnu-tools-for-stm32.12.3.rel1.win32_1.0.200.202406191623/tools/bin/../lib/gcc/arm-none-eabi/12.3.1/../../../../arm-none-eabi/lib/thumb/v7e-m+fp/hard\libc_nano.a(libc_a-findfp.o) (_fwalk_sglue)
C:/ST/STM32CubeIDE_1.15.1/STM32CubeIDE/plugins/com.st.stm32cube.ide.mcu.externaltools.gnu-tools-for-stm32.12.3.rel1.win32_1.0.200.202406191623/tools/bin/../lib/gcc/arm-none-eabi/12.3.1/../../../../arm-none-eabi/lib/thumb/v7e-m+fp/hard\libc_nano.a(libc_a-printf.o)
                              ./Libraries/ioLibrary_Driver/Application/loopback/loopback.o (printf)
C:/ST/STM32CubeIDE_1.15.1/STM32CubeIDE/plugins/com.st.stm32cube.ide.mcu.externaltools.gnu-tools-for-stm32.12.3.rel1.win32_1.0.200.202406191623/tools/bin/../lib/gcc/arm-none-eabi/12.3.1/../../../../arm-none-eabi/lib/thumb/v7e-m+fp/hard\libc_nano.a(libc_a-putchar.o)
                              ./Libraries/ioLibrary_Driver/Application/multicast/multicast.o (putchar)
C:/ST/STM32CubeIDE_1.15.1/STM32CubeIDE/plugins/com.st.stm32cube.ide.mcu.externaltools.gnu-tools-for-stm32.12.3.rel1.win32_1.0.200.202406191623/tools/bin/../lib/gcc/arm-none-eabi/12.3.1/../../../../arm-none-eabi/lib/thumb/v7e-m+fp/hard\libc_nano.a(libc_a-puts.o)
[...]
Memory Configuration

Name             Origin             Length             Attributes
RAM              0x20000000         0x00040000         xrw
FLASH            0x08000000         0x00100000         xr
*default*        0x00000000         0xffffffff

Linker script and memory map

LOAD C:/ST/STM32CubeIDE_1.15.1/STM32CubeIDE/plugins/com.st.stm32cube.ide.mcu.externaltools.gnu-tools-for-stm32.12.3.rel1.win32_1.0.200.202406191623/tools/bin/../lib/gcc/arm-none-eabi/12.3.1/thumb/v7e-m+fp/hard/crti.o
LOAD C:/ST/STM32CubeIDE_1.15.1/STM32CubeIDE/plugins/com.st.stm32cube.ide.mcu.externaltools.gnu-tools-for-stm32.12.3.rel1.win32_1.0.200.202406191623/tools/bin/../lib/gcc/arm-none-eabi/12.3.1/thumb/v7e-m+fp/hard/crtbegin.o
LOAD C:/ST/STM32CubeIDE_1.15.1/STM32CubeIDE/plugins/com.st.stm32cube.ide.mcu.externaltools.gnu-tools-for-stm32.12.3.rel1.win32_1.0.200.202406191623/tools/bin/../lib/gcc/arm-none-eabi/12.3.1/../../../../arm-none-eabi/lib/thumb/v7e-m+fp/hard/crt0.o
LOAD ./Core/Src/main.o
LOAD ./Core/Src/stm32f4xx_hal_msp.o
LOAD ./Core/Src/stm32f4xx_it.o
LOAD ./Core/Src/syscalls.o
LOAD ./Core/Src/sysmem.o
LOAD ./Core/Src/system_stm32f4xx.o
LOAD ./Core/Startup/startup_stm32f412zgtx.o
LOAD ./Drivers/STM32F4xx_HAL_Driver/Src/stm32f4xx_hal.o
LOAD ./Drivers/STM32F4xx_HAL_Driver/Src/stm32f4xx_hal_cortex.o
LOAD ./Drivers/STM32F4xx_HAL_Driver/Src/stm32f4xx_hal_dma.o
LOAD ./Drivers/STM32F4xx_HAL_Driver/Src/stm32f4xx_hal_dma_ex.o
LOAD ./Drivers/STM32F4xx_HAL_Driver/Src/stm32f4xx_hal_exti.o
LOAD ./Drivers/STM32F4xx_HAL_Driver/Src/stm32f4xx_hal_flash.o
LOAD ./Drivers/STM32F4xx_HAL_Driver/Src/stm32f4xx_hal_flash_ex.o
LOAD ./Drivers/STM32F4xx_HAL_Driver/Src/stm32f4xx_hal_flash_ramfunc.o
LOAD ./Drivers/STM32F4xx_HAL_Driver/Src/stm32f4xx_hal_gpio.o
LOAD ./Drivers/STM32F4xx_HAL_Driver/Src/stm32f4xx_hal_pwr.o
LOAD ./Drivers/STM32F4xx_HAL_Driver/Src/stm32f4xx_hal_pwr_ex.o
LOAD ./Drivers/STM32F4xx_HAL_Driver/Src/stm32f4xx_hal_qspi.o
LOAD ./Drivers/STM32F4xx_HAL_Driver/Src/stm32f4xx_hal_rcc.o
LOAD ./Drivers/STM32F4xx_HAL_Driver/Src/stm32f4xx_hal_rcc_ex.o
LOAD ./Drivers/STM32F4xx_HAL_Driver/Src/stm32f4xx_hal_tim.o
LOAD ./Drivers/STM32F4xx_HAL_Driver/Src/stm32f4xx_hal_tim_ex.o
LOAD ./Drivers/STM32F4xx_HAL_Driver/Src/stm32f4xx_hal_uart.o
LOAD ./Libraries/ioLibrary_Driver/Application/loopback/loopback.o
LOAD ./Libraries/ioLibrary_Driver/Application/multicast/multicast.o
LOAD ./Libraries/ioLibrary_Driver/Ethernet/W5100/w5100.o
LOAD ./Libraries/ioLibrary_Driver/Ethernet/W5100S/w5100s.o
LOAD ./Libraries/ioLibrary_Driver/Ethernet/W5200/w5200.o
LOAD ./Libraries/ioLibrary_Driver/Ethernet/W5300/w5300.o
LOAD ./Libraries/ioLibrary_Driver/Ethernet/W5500/w5500.o
LOAD ./Libraries/ioLibrary_Driver/Ethernet/W6100/w6100.o
LOAD ./Libraries/ioLibrary_Driver/Ethernet/W6300/w6300.o
LOAD ./Libraries/ioLibrary_Driver/Ethernet/socket.o
LOAD ./Libraries/ioLibrary_Driver/Ethernet/wizchip_conf.o
LOAD ./Libraries/ioLibrary_Driver/Internet/DHCP/dhcp.o
LOAD ./Libraries/ioLibrary_Driver/Internet/DNS/dns.o
LOAD ./Libraries/ioLibrary_Driver/Internet/MQTT/MQTTClient.o
LOAD ./Libraries/ioLibrary_Driver/Internet/MQTT/mqtt_interface.o
LOAD ./Libraries/ioLibrary_Driver/Internet/MQTT/MQTTPacket/src/MQTTConnectClient.o
LOAD ./Libraries/ioLibrary_Driver/Internet/MQTT/MQTTPacket/src/MQTTConnectServer.o
LOAD ./Libraries/ioLibrary_Driver/Internet/MQTT/MQTTPacket/src/MQTTDeserializePublish.o
LOAD ./Libraries/ioLibrary_Driver/Internet/MQTT/MQTTPacket/src/MQTTFormat.o
LOAD ./Libraries/ioLibrary_Driver/Internet/MQTT/MQTTPacket/src/MQTTPacket.o
LOAD ./Libraries/ioLibrary_Driver/Internet/MQTT/MQTTPacket/src/MQTTSerializePublish.o
LOAD ./Libraries/ioLibrary_Driver/Internet/MQTT/MQTTPacket/src/MQTTSubscribeClient.o
LOAD ./Libraries/ioLibrary_Driver/Internet/MQTT/MQTTPacket/src/MQTTSubscribeServer.o
LOAD ./Libraries/ioLibrary_Driver/Internet/MQTT/MQTTPacket/src/MQTTUnsubscribeClient.o
LOAD ./Libraries/ioLibrary_Driver/Internet/MQTT/MQTTPacket/src/MQTTUnsubscribeServer.o
LOAD ./Libraries/ioLibrary_Driver/Internet/SNMP/snmp.o
LOAD ./Libraries/ioLibrary_Driver/Internet/SNMP/snmp_custom.o
LOAD ./Libraries/ioLibrary_Driver/Internet/SNTP/sntp.o
LOAD ./Libraries/ioLibrary_Driver/Internet/TFTP/netutil.o
LOAD ./Libraries/ioLibrary_Driver/Internet/TFTP/tftp.o
LOAD ./Libraries/ioLibrary_Driver/Internet/httpServer/httpParser.o
LOAD ./Libraries/ioLibrary_Driver/Internet/httpServer/httpServer.o
LOAD ./Libraries/ioLibrary_Driver/Internet/httpServer/httpUtil.o
LOAD ./examples/dhcp_dns/app_main.o
LOAD ./examples/http_server/app_main.o
LOAD ./examples/loopback/app_main.o
LOAD ./examples/mqtt/app_main.o
LOAD ./examples/netbios/app_main.o
LOAD ./examples/netbios/netbios.o
LOAD ./examples/network_install/app_main.o
LOAD ./examples/pppoe/PPPoE.o
LOAD ./examples/pppoe/app_main.o
LOAD ./examples/pppoe/md5.o
LOAD ./examples/sntp/app_main.o
LOAD ./examples/tcp_server_multi_socket/app_main.o
LOAD ./examples/tftp/app_main.o
LOAD ./examples/udp/app_main.o
LOAD ./examples/udp_multicast/app_main.o
LOAD ./examples/upnp/MakeXML.o
LOAD ./examples/upnp/UPnP.o
LOAD ./examples/upnp/app_main.o
LOAD ./examples/upnp/hyperterminal.o
LOAD ./port/wizchip_dhcp.o
LOAD ./port/wizchip_qspi.o
START GROUP
LOAD C:/ST/STM32CubeIDE_1.15.1/STM32CubeIDE/plugins/com.st.stm32cube.ide.mcu.externaltools.gnu-tools-for-stm32.12.3.rel1.win32_1.0.200.202406191623/tools/bin/../lib/gcc/arm-none-eabi/12.3.1/../../../../arm-none-eabi/lib/thumb/v7e-m+fp/hard\libc_nano.a
LOAD C:/ST/STM32CubeIDE_1.15.1/STM32CubeIDE/plugins/com.st.stm32cube.ide.mcu.externaltools.gnu-tools-for-stm32.12.3.rel1.win32_1.0.200.202406191623/tools/bin/../lib/gcc/arm-none-eabi/12.3.1/../../../../arm-none-eabi/lib/thumb/v7e-m+fp/hard\libm.a
END GROUP
START GROUP
LOAD C:/ST/STM32CubeIDE_1.15.1/STM32CubeIDE/plugins/com.st.stm32cube.ide.mcu.externaltools.gnu-tools-for-stm32.12.3.rel1.win32_1.0.200.202406191623/tools/bin/../lib/gcc/arm-none-eabi/12.3.1/thumb/v7e-m+fp/hard\libgcc.a
LOAD C:/ST/STM32CubeIDE_1.15.1/STM32CubeIDE/plugins/com.st.stm32cube.ide.mcu.externaltools.gnu-tools-for-stm32.12.3.rel1.win32_1.0.200.202406191623/tools/bin/../lib/gcc/arm-none-eabi/12.3.1/../../../../arm-none-eabi/lib/thumb/v7e-m+fp/hard\libc_nano.a
END GROUP
START GROUP
LOAD C:/ST/STM32CubeIDE_1.15.1/STM32CubeIDE/plugins/com.st.stm32cube.ide.mcu.externaltools.gnu-tools-for-stm32.12.3.rel1.win32_1.0.200.202406191623/tools/bin/../lib/gcc/arm-none-eabi/12.3.1/thumb/v7e-m+fp/hard\libgcc.a
LOAD C:/ST/STM32CubeIDE_1.15.1/STM32CubeIDE/plugins/com.st.stm32cube.ide.mcu.externaltools.gnu-tools-for-stm32.12.3.rel1.win32_1.0.200.202406191623/tools/bin/../lib/gcc/arm-none-eabi/12.3.1/../../../../arm-none-eabi/lib/thumb/v7e-m+fp/hard\libc_nano.a
LOAD C:/ST/STM32CubeIDE_1.15.1/STM32CubeIDE/plugins/com.st.stm32cube.ide.mcu.externaltools.gnu-tools-for-stm32.12.3.rel1.win32_1.0.200.202406191623/tools/bin/../lib/gcc/arm-none-eabi/12.3.1/../../../../arm-none-eabi/lib/thumb/v7e-m+fp/hard\libnosys.a
END GROUP
START GROUP
LOAD C:/ST/STM32CubeIDE_1.15.1/STM32CubeIDE/plugins/com.st.stm32cube.ide.mcu.externaltools.gnu-tools-for-stm32.12.3.rel1.win32_1.0.200.202406191623/tools/bin/../lib/gcc/arm-none-eabi/12.3.1/thumb/v7e-m+fp/hard\libgcc.a
LOAD C:/ST/STM32CubeIDE_1.15.1/STM32CubeIDE/plugins/com.st.stm32cube.ide.mcu.externaltools.gnu-tools-for-stm32.12.3.rel1.win32_1.0.200.202406191623/tools/bin/../lib/gcc/arm-none-eabi/12.3.1/../../../../arm-none-eabi/lib/thumb/v7e-m+fp/hard\libc_nano.a
LOAD C:/ST/STM32CubeIDE_1.15.1/STM32CubeIDE/plugins/com.st.stm32cube.ide.mcu.externaltools.gnu-tools-for-stm32.12.3.rel1.win32_1.0.200.202406191623/tools/bin/../lib/gcc/arm-none-eabi/12.3.1/../../../../arm-none-eabi/lib/thumb/v7e-m+fp/hard\libnosys.a
END GROUP
LOAD C:/ST/STM32CubeIDE_1.15.1/STM32CubeIDE/plugins/com.st.stm32cube.ide.mcu.externaltools.gnu-tools-for-stm32.12.3.rel1.win32_1.0.200.202406191623/tools/bin/../lib/gcc/arm-none-eabi/12.3.1/thumb/v7e-m+fp/hard/crtend.o
LOAD C:/ST/STM32CubeIDE_1.15.1/STM32CubeIDE/plugins/com.st.stm32cube.ide.mcu.externaltools.gnu-tools-for-stm32.12.3.rel1.win32_1.0.200.202406191623/tools/bin/../lib/gcc/arm-none-eabi/12.3.1/thumb/v7e-m+fp/hard/crtn.o
                0x20040000                        _estack = (ORIGIN (RAM) + LENGTH (RAM))
                0x00000200                        _Min_Heap_Size = 0x200
                0x00000400                        _Min_Stack_Size = 0x400

.isr_vector     0x08000000      0x1c4
                0x08000000                        . = ALIGN (0x4)
 *(.isr_vector)
 .isr_vector    0x08000000      0x1c4 ./Core/Startup/startup_stm32f412zgtx.o
                0x08000000                g_pfnVectors
                0x080001c4                        . = ALIGN (0x4)

.text           0x080001d0     0xc9c8
                0x080001d0                        . = ALIGN (0x4)
 *(.text)
 .text          0x080001d0       0x40 C:/ST/STM32CubeIDE_1.15.1/STM32CubeIDE/plugins/com.st.stm32cube.ide.mcu.externaltools.gnu-tools-for-stm32.12.3.rel1.win32_1.0.200.202406191623/tools/bin/../lib/gcc/arm-none-eabi/12.3.1/thumb/v7e-m+fp/hard/crtbegin.o
 .text          0x08000210       0x14 C:/ST/STM32CubeIDE_1.15.1/STM32CubeIDE/plugins/com.st.stm32cube.ide.mcu.externaltools.gnu-tools-for-stm32.12.3.rel1.win32_1.0.200.202406191623/tools/bin/../lib/gcc/arm-none-eabi/12.3.1/../../../../arm-none-eabi/lib/thumb/v7e-m+fp/hard\libc_nano.a(libc_a-strcmp.o)
                0x08000210                strcmp
 .text          0x08000224       0x10 C:/ST/STM32CubeIDE_1.15.1/STM32CubeIDE/plugins/com.st.stm32cube.ide.mcu.externaltools.gnu-tools-for-stm32.12.3.rel1.win32_1.0.200.202406191623/tools/bin/../lib/gcc/arm-none-eabi/12.3.1/../../../../arm-none-eabi/lib/thumb/v7e-m+fp/hard\libc_nano.a(libc_a-strlen.o)
                0x08000224                strlen
 *fill*         0x08000234        0xc 
 .text          0x08000240       0xa0 C:/ST/STM32CubeIDE_1.15.1/STM32CubeIDE/plugins/com.st.stm32cube.ide.mcu.externaltools.gnu-tools-for-stm32.12.3.rel1.win32_1.0.200.202406191623/tools/bin/../lib/gcc/arm-none-eabi/12.3.1/../../../../arm-none-eabi/lib/thumb/v7e-m+fp/hard\libc_nano.a(libc_a-memchr.o)
                0x08000240                memchr
 .text          0x080002e0       0x30 C:/ST/STM32CubeIDE_1.15.1/STM32CubeIDE/plugins/com.st.stm32cube.ide.mcu.externaltools.gnu-tools-for-stm32.12.3.rel1.win32_1.0.200.202406191623/tools/bin/../lib/gcc/arm-none-eabi/12.3.1/thumb/v7e-m+fp/hard\libgcc.a(_aeabi_uldivmod.o)
                0x080002e0                __aeabi_uldivmod
 .text          0x08000310      0x2bc C:/ST/STM32CubeIDE_1.15.1/STM32CubeIDE/plugins/com.st.stm32cube.ide.mcu.externaltools.gnu-tools-for-stm32.12.3.rel1.win32_1.0.200.202406191623/tools/bin/../lib/gcc/arm-none-eabi/12.3.1/thumb/v7e-m+fp/hard\libgcc.a(_udivmoddi4.o)
                0x08000310                __udivmoddi4
 .text          0x080005cc        0x4 C:/ST/STM32CubeIDE_1.15.1/STM32CubeIDE/plugins/com.st.stm32cube.ide.mcu.externaltools.gnu-tools-for-stm32.12.3.rel1.win32_1.0.200.202406191623/tools/bin/../lib/gcc/arm-none-eabi/12.3.1/thumb/v7e-m+fp/hard\libgcc.a(_dvmd_tls.o)
                0x080005cc                __aeabi_idiv0
                0x080005cc                __aeabi_ldiv0
 *(.text*)
 .text.__io_putchar
                0x080005d0       0x24 ./Core/Src/main.o
                0x080005d0                __io_putchar
 .text.main     0x080005f4       0x24 ./Core/Src/main.o
                0x080005f4                main
 .text.SystemClock_Config
                0x08000618       0xd4 ./Core/Src/main.o
                0x08000618                SystemClock_Config
 .text.MX_QUADSPI_Init
                0x080006ec       0x58 ./Core/Src/main.o
 .text.MX_USART3_UART_Init
                0x08000744       0x54 ./Core/Src/main.o
 .text.MX_DMA_Init
                0x08000798       0x40 ./Core/Src/main.o
 .text.MX_GPIO_Init
                0x080007d8       0xf0 ./Core/Src/main.o
 .text.Error_Handler
                0x080008c8        0xc ./Core/Src/main.o
                0x080008c8                Error_Handler
 .text.HAL_MspInit
                0x080008d4       0x50 ./Core/Src/stm32f4xx_hal_msp.o
                0x080008d4                HAL_MspInit
 .text.HAL_QSPI_MspInit
                0x08000924      0x1a8 ./Core/Src/stm32f4xx_hal_msp.o
                0x08000924                HAL_QSPI_MspInit
 .text.HAL_UART_MspInit
                0x08000acc       0x90 ./Core/Src/stm32f4xx_hal_msp.o
                0x08000acc                HAL_UART_MspInit
 .text.NMI_Handler
                0x08000b5c        0x8 ./Core/Src/stm32f4xx_it.o
                0x08000b5c                NMI_Handler
 .text.HardFault_Handler
                0x08000b64        0x8 ./Core/Src/stm32f4xx_it.o
                0x08000b64                HardFault_Handler
 .text.MemManage_Handler
                0x08000b6c        0x8 ./Core/Src/stm32f4xx_it.o
                0x08000b6c                MemManage_Handler
 .text.BusFault_Handler
                0x08000b74        0x8 ./Core/Src/stm32f4xx_it.o
                0x08000b74                BusFault_Handler
 .text.UsageFault_Handler
                0x08000b7c        0x8 ./Core/Src/stm32f4xx_it.o
                0x08000b7c                UsageFault_Handler
 .text.SVC_Handler
                0x08000b84        0xe ./Core/Src/stm32f4xx_it.o
                0x08000b84                SVC_Handler
 .text.DebugMon_Handler
                0x08000b92        0xe ./Core/Src/stm32f4xx_it.o
                0x08000b92                DebugMon_Handler
 .text.PendSV_Handler
                0x08000ba0        0xe ./Core/Src/stm32f4xx_it.o
                0x08000ba0                PendSV_Handler
 *fill*         0x08000bae        0x2 
 .text.SysTick_Handler
                0x08000bb0       0x30 ./Core/Src/stm32f4xx_it.o
                0x08000bb0                SysTick_Handler
 .text.DMA2_Stream7_IRQHandler
                0x08000be0       0x14 ./Core/Src/stm32f4xx_it.o
                0x08000be0                DMA2_Stream7_IRQHandler
 .text.QUADSPI_IRQHandler
                0x08000bf4       0x14 ./Core/Src/stm32f4xx_it.o
                0x08000bf4                QUADSPI_IRQHandler
 .text._getpid  0x08000c08       0x10 ./Core/Src/syscalls.o
                0x08000c08                _getpid
 .text._kill    0x08000c18       0x20 ./Core/Src/syscalls.o
                0x08000c18                _kill
 .text._exit    0x08000c38       0x16 ./Core/Src/syscalls.o
                0x08000c38                _exit
 .text._read    0x08000c4e       0x3a ./Core/Src/syscalls.o
                0x08000c4e                _read
 .text._write   0x08000c88       0x38 ./Core/Src/syscalls.o
                0x08000c88                _write
 .text._close   0x08000cc0       0x18 ./Core/Src/syscalls.o
                0x08000cc0                _close
 .text._fstat   0x08000cd8       0x20 ./Core/Src/syscalls.o
                0x08000cd8                _fstat
 .text._isatty  0x08000cf8       0x16 ./Core/Src/syscalls.o
                0x08000cf8                _isatty
 .text._lseek   0x08000d0e       0x1a ./Core/Src/syscalls.o
                0x08000d0e                _lseek
 .text._sbrk    0x08000d28       0x6c ./Core/Src/sysmem.o
                0x08000d28                _sbrk
 .text.SystemInit
                0x08000d94       0x24 ./Core/Src/system_stm32f4xx.o
                0x08000d94                SystemInit
 .text.Reset_Handler
                0x08000db8       0x50 ./Core/Startup/startup_stm32f412zgtx.o
                0x08000db8                Reset_Handler
 .text.Default_Handler
                0x08000e08        0x2 ./Core/Startup/startup_stm32f412zgtx.o
                0x08000e08                RTC_Alarm_IRQHandler
                0x08000e08                EXTI2_IRQHandler
                0x08000e08                TIM8_CC_IRQHandler
                0x08000e08                FMPI2C1_EV_IRQHandler
                0x08000e08                SPI4_IRQHandler
                0x08000e08                TIM1_CC_IRQHandler
                0x08000e08                DMA2_Stream5_IRQHandler
                0x08000e08                DMA1_Stream5_IRQHandler
                0x08000e08                TIM6_IRQHandler
                0x08000e08                PVD_IRQHandler
                0x08000e08                SDIO_IRQHandler
                0x08000e08                TAMP_STAMP_IRQHandler
                0x08000e08                CAN2_RX1_IRQHandler
                0x08000e08                EXTI3_IRQHandler
                0x08000e08                TIM8_TRG_COM_TIM14_IRQHandler
                0x08000e08                DFSDM1_FLT1_IRQHandler
                0x08000e08                TIM1_UP_TIM10_IRQHandler
                0x08000e08                TIM8_UP_TIM13_IRQHandler
                0x08000e08                I2C3_ER_IRQHandler
                0x08000e08                EXTI0_IRQHandler
                0x08000e08                I2C2_EV_IRQHandler
                0x08000e08                DMA1_Stream2_IRQHandler
                0x08000e08                CAN1_RX0_IRQHandler
                0x08000e08                FPU_IRQHandler
                0x08000e08                CAN2_SCE_IRQHandler
                0x08000e08                DMA2_Stream2_IRQHandler
                0x08000e08                SPI1_IRQHandler
                0x08000e08                TIM1_BRK_TIM9_IRQHandler
                0x08000e08                CAN2_RX0_IRQHandler
                0x08000e08                DMA2_Stream3_IRQHandler
                0x08000e08                USART6_IRQHandler
                0x08000e08                USART3_IRQHandler
                0x08000e08                CAN1_RX1_IRQHandler
                0x08000e08                DMA2_Stream0_IRQHandler
                0x08000e08                TIM4_IRQHandler
                0x08000e08                I2C1_EV_IRQHandler
                0x08000e08                DMA1_Stream6_IRQHandler
                0x08000e08                DMA1_Stream1_IRQHandler
                0x08000e08                TIM3_IRQHandler
                0x08000e08                RCC_IRQHandler
                0x08000e08                TIM8_BRK_TIM12_IRQHandler
                0x08000e08                Default_Handler
                0x08000e08                EXTI15_10_IRQHandler
                0x08000e08                ADC_IRQHandler
                0x08000e08                DMA1_Stream7_IRQHandler
                0x08000e08                SPI5_IRQHandler
                0x08000e08                TIM7_IRQHandler
                0x08000e08                CAN2_TX_IRQHandler
                0x08000e08                TIM5_IRQHandler
                0x08000e08                I2C3_EV_IRQHandler
                0x08000e08                EXTI9_5_IRQHandler
                0x08000e08                RTC_WKUP_IRQHandler
                0x08000e08                SPI2_IRQHandler
                0x08000e08                DMA1_Stream0_IRQHandler
                0x08000e08                CAN1_TX_IRQHandler
                0x08000e08                FMPI2C1_ER_IRQHandler
                0x08000e08                EXTI4_IRQHandler
                0x08000e08                RNG_IRQHandler
                0x08000e08                WWDG_IRQHandler
                0x08000e08                TIM2_IRQHandler
                0x08000e08                OTG_FS_WKUP_IRQHandler
                0x08000e08                TIM1_TRG_COM_TIM11_IRQHandler
                0x08000e08                EXTI1_IRQHandler
                0x08000e08                USART2_IRQHandler
                0x08000e08                DFSDM1_FLT0_IRQHandler
                0x08000e08                I2C2_ER_IRQHandler
                0x08000e08                DMA2_Stream1_IRQHandler
                0x08000e08                CAN1_SCE_IRQHandler
                0x08000e08                FLASH_IRQHandler
                0x08000e08                DMA2_Stream4_IRQHandler
                0x08000e08                USART1_IRQHandler
                0x08000e08                OTG_FS_IRQHandler
                0x08000e08                SPI3_IRQHandler
                0x08000e08                DMA1_Stream4_IRQHandler
                0x08000e08                I2C1_ER_IRQHandler
                0x08000e08                DMA2_Stream6_IRQHandler
                0x08000e08                DMA1_Stream3_IRQHandler
 *fill*         0x08000e0a        0x2 
 .text.HAL_Init
                0x08000e0c       0x44 ./Drivers/STM32F4xx_HAL_Driver/Src/stm32f4xx_hal.o
                0x08000e0c                HAL_Init
 .text.HAL_InitTick
                0x08000e50       0x60 ./Drivers/STM32F4xx_HAL_Driver/Src/stm32f4xx_hal.o
                0x08000e50                HAL_InitTick
 .text.HAL_IncTick
                0x08000eb0       0x28 ./Drivers/STM32F4xx_HAL_Driver/Src/stm32f4xx_hal.o
                0x08000eb0                HAL_IncTick
 .text.HAL_GetTick
                0x08000ed8       0x18 ./Drivers/STM32F4xx_HAL_Driver/Src/stm32f4xx_hal.o
                0x08000ed8                HAL_GetTick
 .text.HAL_Delay
                0x08000ef0       0x48 ./Drivers/STM32F4xx_HAL_Driver/Src/stm32f4xx_hal.o
                0x08000ef0                HAL_Delay
 .text.__NVIC_SetPriorityGrouping
                0x08000f38       0x48 ./Drivers/STM32F4xx_HAL_Driver/Src/stm32f4xx_hal_cortex.o
 .text.__NVIC_GetPriorityGrouping
                0x08000f80       0x1c ./Drivers/STM32F4xx_HAL_Driver/Src/stm32f4xx_hal_cortex.o
 .text.__NVIC_EnableIRQ
                0x08000f9c       0x3c ./Drivers/STM32F4xx_HAL_Driver/Src/stm32f4xx_hal_cortex.o
 .text.__NVIC_SetPriority
                0x08000fd8       0x54 ./Drivers/STM32F4xx_HAL_Driver/Src/stm32f4xx_hal_cortex.o
 .text.NVIC_EncodePriority
                0x0800102c       0x66 ./Drivers/STM32F4xx_HAL_Driver/Src/stm32f4xx_hal_cortex.o
 *fill*         0x08001092        0x2 
 .text.SysTick_Config
                0x08001094       0x44 ./Drivers/STM32F4xx_HAL_Driver/Src/stm32f4xx_hal_cortex.o
 .text.HAL_NVIC_SetPriorityGrouping
                0x080010d8       0x16 ./Drivers/STM32F4xx_HAL_Driver/Src/stm32f4xx_hal_cortex.o
                0x080010d8                HAL_NVIC_SetPriorityGrouping
 .text.HAL_NVIC_SetPriority
                0x080010ee       0x38 ./Drivers/STM32F4xx_HAL_Driver/Src/stm32f4xx_hal_cortex.o
                0x080010ee                HAL_NVIC_SetPriority
 .text.HAL_NVIC_EnableIRQ
                0x08001126       0x1c ./Drivers/STM32F4xx_HAL_Driver/Src/stm32f4xx_hal_cortex.o
                0x08001126                HAL_NVIC_EnableIRQ
 .text.HAL_SYSTICK_Config
                0x08001142       0x18 ./Drivers/STM32F4xx_HAL_Driver/Src/stm32f4xx_hal_cortex.o
                0x08001142                HAL_SYSTICK_Config
 *fill*         0x0800115a        0x2 
 .text.HAL_DMA_Init
                0x0800115c      0x15c ./Drivers/STM32F4xx_HAL_Driver/Src/stm32f4xx_hal_dma.o
                0x0800115c                HAL_DMA_Init
 .text.HAL_DMA_Start_IT
                0x080012b8       0xb0 ./Drivers/STM32F4xx_HAL_Driver/Src/stm32f4xx_hal_dma.o
                0x080012b8                HAL_DMA_Start_IT
 .text.HAL_DMA_Abort
                0x08001368       0xe0 ./Drivers/STM32F4xx_HAL_Driver/Src/stm32f4xx_hal_dma.o
                0x08001368                HAL_DMA_Abort
 .text.HAL_DMA_Abort_IT
                0x08001448       0x44 ./Drivers/STM32F4xx_HAL_Driver/Src/stm32f4xx_hal_dma.o
                0x08001448                HAL_DMA_Abort_IT
 .text.HAL_DMA_IRQHandler
                0x0800148c      0x314 ./Drivers/STM32F4xx_HAL_Driver/Src/stm32f4xx_hal_dma.o
                0x0800148c                HAL_DMA_IRQHandler
 .text.HAL_DMA_GetError
                0x080017a0       0x18 ./Drivers/STM32F4xx_HAL_Driver/Src/stm32f4xx_hal_dma.o
                0x080017a0                HAL_DMA_GetError
 .text.DMA_SetConfig
                0x080017b8       0x5c ./Drivers/STM32F4xx_HAL_Driver/Src/stm32f4xx_hal_dma.o
 .text.DMA_CalcBaseAndBitshift
                0x08001814       0x6c ./Drivers/STM32F4xx_HAL_Driver/Src/stm32f4xx_hal_dma.o
 .text.DMA_CheckFifoParam
                0x08001880       0xf8 ./Drivers/STM32F4xx_HAL_Driver/Src/stm32f4xx_hal_dma.o
 .text.HAL_GPIO_Init
                0x08001978      0x328 ./Drivers/STM32F4xx_HAL_Driver/Src/stm32f4xx_hal_gpio.o
                0x08001978                HAL_GPIO_Init
 .text.HAL_GPIO_WritePin
                0x08001ca0       0x32 ./Drivers/STM32F4xx_HAL_Driver/Src/stm32f4xx_hal_gpio.o
                0x08001ca0                HAL_GPIO_WritePin
 *fill*         0x08001cd2        0x2 
 .text.HAL_QSPI_Init
                0x08001cd4       0xf8 ./Drivers/STM32F4xx_HAL_Driver/Src/stm32f4xx_hal_qspi.o
                0x08001cd4                HAL_QSPI_Init
 .text.HAL_QSPI_IRQHandler
                0x08001dcc      0x380 ./Drivers/STM32F4xx_HAL_Driver/Src/stm32f4xx_hal_qspi.o
                0x08001dcc                HAL_QSPI_IRQHandler
 .text.HAL_QSPI_Command
                0x0800214c       0xbc ./Drivers/STM32F4xx_HAL_Driver/Src/stm32f4xx_hal_qspi.o
                0x0800214c                HAL_QSPI_Command
 .text.HAL_QSPI_Transmit
                0x08002208      0x12e ./Drivers/STM32F4xx_HAL_Driver/Src/stm32f4xx_hal_qspi.o
                0x08002208                HAL_QSPI_Transmit
 .text.HAL_QSPI_Receive
                0x08002336      0x144 ./Drivers/STM32F4xx_HAL_Driver/Src/stm32f4xx_hal_qspi.o
                0x08002336                HAL_QSPI_Receive
 *fill*         0x0800247a        0x2 
 .text.HAL_QSPI_Transmit_DMA
                0x0800247c      0x24c ./Drivers/STM32F4xx_HAL_Driver/Src/stm32f4xx_hal_qspi.o
                0x0800247c                HAL_QSPI_Transmit_DMA
 .text.HAL_QSPI_Receive_DMA
                0x080026c8      0x26c ./Drivers/STM32F4xx_HAL_Driver/Src/stm32f4xx_hal_qspi.o
                0x080026c8                HAL_QSPI_Receive_DMA
 .text.HAL_QSPI_ErrorCallback
                0x08002934       0x14 ./Drivers/STM32F4xx_HAL_Driver/Src/stm32f4xx_hal_qspi.o
                0x08002934                HAL_QSPI_ErrorCallback
 .text.HAL_QSPI_AbortCpltCallback
                0x08002948       0x14 ./Drivers/STM32F4xx_HAL_Driver/Src/stm32f4xx_hal_qspi.o
                0x08002948                HAL_QSPI_AbortCpltCallback
 .text.HAL_QSPI_CmdCpltCallback
                0x0800295c       0x14 ./Drivers/STM32F4xx_HAL_Driver/Src/stm32f4xx_hal_qspi.o
                0x0800295c                HAL_QSPI_CmdCpltCallback
 .text.HAL_QSPI_RxHalfCpltCallback
                0x08002970       0x14 ./Drivers/STM32F4xx_HAL_Driver/Src/stm32f4xx_hal_qspi.o
                0x08002970                HAL_QSPI_RxHalfCpltCallback
 .text.HAL_QSPI_TxHalfCpltCallback
                0x08002984       0x14 ./Drivers/STM32F4xx_HAL_Driver/Src/stm32f4xx_hal_qspi.o
                0x08002984                HAL_QSPI_TxHalfCpltCallback
 .text.HAL_QSPI_FifoThresholdCallback
                0x08002998       0x14 ./Drivers/STM32F4xx_HAL_Driver/Src/stm32f4xx_hal_qspi.o
                0x08002998                HAL_QSPI_FifoThresholdCallback
 .text.HAL_QSPI_StatusMatchCallback
                0x080029ac       0x14 ./Drivers/STM32F4xx_HAL_Driver/Src/stm32f4xx_hal_qspi.o
                0x080029ac                HAL_QSPI_StatusMatchCallback
 .text.HAL_QSPI_TimeOutCallback
                0x080029c0       0x14 ./Drivers/STM32F4xx_HAL_Driver/Src/stm32f4xx_hal_qspi.o
                0x080029c0                HAL_QSPI_TimeOutCallback
 .text.HAL_QSPI_Abort
                0x080029d4       0xf2 ./Drivers/STM32F4xx_HAL_Driver/Src/stm32f4xx_hal_qspi.o
                0x080029d4                HAL_QSPI_Abort
 *fill*         0x08002ac6        0x2 
 .text.HAL_QSPI_Abort_IT
                0x08002ac8       0xd0 ./Drivers/STM32F4xx_HAL_Driver/Src/stm32f4xx_hal_qspi.o
                0x08002ac8                HAL_QSPI_Abort_IT
 .text.HAL_QSPI_SetTimeout
                0x08002b98       0x1c ./Drivers/STM32F4xx_HAL_Driver/Src/stm32f4xx_hal_qspi.o
                0x08002b98                HAL_QSPI_SetTimeout
 .text.QSPI_DMARxCplt
                0x08002bb4       0x30 ./Drivers/STM32F4xx_HAL_Driver/Src/stm32f4xx_hal_qspi.o
 .text.QSPI_DMATxCplt
                0x08002be4       0x30 ./Drivers/STM32F4xx_HAL_Driver/Src/stm32f4xx_hal_qspi.o
 .text.QSPI_DMARxHalfCplt
                0x08002c14       0x1c ./Drivers/STM32F4xx_HAL_Driver/Src/stm32f4xx_hal_qspi.o
 .text.QSPI_DMATxHalfCplt
                0x08002c30       0x1c ./Drivers/STM32F4xx_HAL_Driver/Src/stm32f4xx_hal_qspi.o
 .text.QSPI_DMAError
                0x08002c4c       0x50 ./Drivers/STM32F4xx_HAL_Driver/Src/stm32f4xx_hal_qspi.o
 .text.QSPI_DMAAbortCplt
                0x08002c9c       0x66 ./Drivers/STM32F4xx_HAL_Driver/Src/stm32f4xx_hal_qspi.o
 .text.QSPI_WaitFlagStateUntilTimeout
                0x08002d02       0x6e ./Drivers/STM32F4xx_HAL_Driver/Src/stm32f4xx_hal_qspi.o
 .text.QSPI_Config
                0x08002d70      0x32e ./Drivers/STM32F4xx_HAL_Driver/Src/stm32f4xx_hal_qspi.o
 *fill*         0x0800309e        0x2 
 .text.HAL_RCC_ClockConfig
                0x080030a0      0x1cc ./Drivers/STM32F4xx_HAL_Driver/Src/stm32f4xx_hal_rcc.o
                0x080030a0                HAL_RCC_ClockConfig
 .text.HAL_RCC_GetSysClockFreq
                0x0800326c      0x20c ./Drivers/STM32F4xx_HAL_Driver/Src/stm32f4xx_hal_rcc.o
                0x0800326c                HAL_RCC_GetSysClockFreq
 .text.HAL_RCC_GetHCLKFreq
                0x08003478       0x18 ./Drivers/STM32F4xx_HAL_Driver/Src/stm32f4xx_hal_rcc.o
                0x08003478                HAL_RCC_GetHCLKFreq
 .text.HAL_RCC_GetPCLK1Freq
                0x08003490       0x28 ./Drivers/STM32F4xx_HAL_Driver/Src/stm32f4xx_hal_rcc.o
                0x08003490                HAL_RCC_GetPCLK1Freq
 .text.HAL_RCC_GetPCLK2Freq
                0x080034b8       0x28 ./Drivers/STM32F4xx_HAL_Driver/Src/stm32f4xx_hal_rcc.o
                0x080034b8                HAL_RCC_GetPCLK2Freq
 .text.HAL_RCC_OscConfig
                0x080034e0      0x508 ./Drivers/STM32F4xx_HAL_Driver/Src/stm32f4xx_hal_rcc_ex.o
                0x080034e0                HAL_RCC_OscConfig
 .text.HAL_UART_Init
                0x080039e8       0xa0 ./Drivers/STM32F4xx_HAL_Driver/Src/stm32f4xx_hal_uart.o
                0x080039e8                HAL_UART_Init
 .text.HAL_UART_Transmit
                0x08003a88      0x116 ./Drivers/STM32F4xx_HAL_Driver/Src/stm32f4xx_hal_uart.o
                0x08003a88                HAL_UART_Transmit
 .text.HAL_UART_Receive
                0x08003b9e      0x12e ./Drivers/STM32F4xx_HAL_Driver/Src/stm32f4xx_hal_uart.o
                0x08003b9e                HAL_UART_Receive
 .text.UART_WaitOnFlagUntilTimeout
                0x08003ccc       0xb2 ./Drivers/STM32F4xx_HAL_Driver/Src/stm32f4xx_hal_uart.o
 .text.UART_EndRxTransfer
                0x08003d7e       0xc6 ./Drivers/STM32F4xx_HAL_Driver/Src/stm32f4xx_hal_uart.o
 .text.UART_SetConfig
                0x08003e44      0x4e8 ./Drivers/STM32F4xx_HAL_Driver/Src/stm32f4xx_hal_uart.o
 .text.check_loopback_mode_W6x00
                0x0800432c       0x3c ./Libraries/ioLibrary_Driver/Application/loopback/loopback.o
                0x0800432c                check_loopback_mode_W6x00
 .text.loopback_tcps
                0x08004368      0x2e0 ./Libraries/ioLibrary_Driver/Application/loopback/loopback.o
                0x08004368                loopback_tcps
 .text.loopback_udps
                0x08004648      0x158 ./Libraries/ioLibrary_Driver/Application/loopback/loopback.o
                0x08004648                loopback_udps
 .text.WIZCHIP_WRITE
                0x080047a0       0x58 ./Libraries/ioLibrary_Driver/Ethernet/W6300/w6300.o
                0x080047a0                WIZCHIP_WRITE
 .text.WIZCHIP_READ
                0x080047f8       0x5c ./Libraries/ioLibrary_Driver/Ethernet/W6300/w6300.o
                0x080047f8                WIZCHIP_READ
 .text.WIZCHIP_WRITE_BUF
                0x08004854       0x58 ./Libraries/ioLibrary_Driver/Ethernet/W6300/w6300.o
                0x08004854                WIZCHIP_WRITE_BUF
 .text.WIZCHIP_READ_BUF
                0x080048ac       0x58 ./Libraries/ioLibrary_Driver/Ethernet/W6300/w6300.o
                0x080048ac                WIZCHIP_READ_BUF
 .text.getSn_TX_FSR
                0x08004904       0x5c ./Libraries/ioLibrary_Driver/Ethernet/W6300/w6300.o
                0x08004904                getSn_TX_FSR
 .text.getSn_RX_RSR
                0x08004960       0x5c ./Libraries/ioLibrary_Driver/Ethernet/W6300/w6300.o
                0x08004960                getSn_RX_RSR
 .text.wiz_send_data
                0x080049bc       0xa8 ./Libraries/ioLibrary_Driver/Ethernet/W6300/w6300.o
                0x080049bc                wiz_send_data
 .text.wiz_recv_data
                0x08004a64       0xb0 ./Libraries/ioLibrary_Driver/Ethernet/W6300/w6300.o
                0x08004a64                wiz_recv_data
 .text.wiz_recv_ignore
                0x08004b14       0xa2 ./Libraries/ioLibrary_Driver/Ethernet/W6300/w6300.o
                0x08004b14                wiz_recv_ignore
 *fill*         0x08004bb6        0x2 
 .text.wiz_mdio_write
                0x08004bb8       0x68 ./Libraries/ioLibrary_Driver/Ethernet/W6300/w6300.o
                0x08004bb8                wiz_mdio_write
 .text.wiz_mdio_read
                0x08004c20       0x5c ./Libraries/ioLibrary_Driver/Ethernet/W6300/w6300.o
                0x08004c20                wiz_mdio_read
 .text.socket   0x08004c7c      0x3f0 ./Libraries/ioLibrary_Driver/Ethernet/socket.o
                0x08004c7c                socket
 .text.close    0x0800506c       0xd4 ./Libraries/ioLibrary_Driver/Ethernet/socket.o
                0x0800506c                close
 .text.listen   0x08005140       0xa8 ./Libraries/ioLibrary_Driver/Ethernet/socket.o
                0x08005140                listen
 .text.connect_W5x00
                0x080051e8       0x26 ./Libraries/ioLibrary_Driver/Ethernet/socket.o
                0x080051e8                connect_W5x00
 *fill*         0x0800520e        0x2 
 .text.connect_IO_6
                0x08005210      0x204 ./Libraries/ioLibrary_Driver/Ethernet/socket.o
 .text.disconnect
                0x08005414       0xf8 ./Libraries/ioLibrary_Driver/Ethernet/socket.o
                0x08005414                disconnect
 .text.send     0x0800550c      0x1b0 ./Libraries/ioLibrary_Driver/Ethernet/socket.o
                0x0800550c                send
 .text.recv     0x080056bc      0x154 ./Libraries/ioLibrary_Driver/Ethernet/socket.o
                0x080056bc                recv
 .text.sendto_W5x00
                0x08005810       0x30 ./Libraries/ioLibrary_Driver/Ethernet/socket.o
                0x08005810                sendto_W5x00
 .text.sendto_W6x00
                0x08005840       0x30 ./Libraries/ioLibrary_Driver/Ethernet/socket.o
                0x08005840                sendto_W6x00
 .text.sendto_IO_6
                0x08005870      0x258 ./Libraries/ioLibrary_Driver/Ethernet/socket.o
 .text.recvfrom_W5x00
                0x08005ac8       0x3a ./Libraries/ioLibrary_Driver/Ethernet/socket.o
                0x08005ac8                recvfrom_W5x00
 .text.recvfrom_W6x00
                0x08005b02       0x30 ./Libraries/ioLibrary_Driver/Ethernet/socket.o
                0x08005b02                recvfrom_W6x00
 *fill*         0x08005b32        0x2 
 .text.recvfrom_IO_6
                0x08005b34      0x44c ./Libraries/ioLibrary_Driver/Ethernet/socket.o
 .text.ctlsocket
                0x08005f80      0x1cc ./Libraries/ioLibrary_Driver/Ethernet/socket.o
                0x08005f80                ctlsocket
 .text.getsockopt
                0x0800614c      0x364 ./Libraries/ioLibrary_Driver/Ethernet/socket.o
                0x0800614c                getsockopt
 .text.wizchip_cris_enter
                0x080064b0        0xe ./Libraries/ioLibrary_Driver/Ethernet/wizchip_conf.o
                0x080064b0                wizchip_cris_enter
 .text.wizchip_cris_exit
                0x080064be        0xe ./Libraries/ioLibrary_Driver/Ethernet/wizchip_conf.o
                0x080064be                wizchip_cris_exit
 .text.wizchip_cs_select
                0x080064cc        0xe ./Libraries/ioLibrary_Driver/Ethernet/wizchip_conf.o
                0x080064cc                wizchip_cs_select
 .text.wizchip_cs_deselect
                0x080064da        0xe ./Libraries/ioLibrary_Driver/Ethernet/wizchip_conf.o
                0x080064da                wizchip_cs_deselect
 .text.wizchip_bus_readdata
                0x080064e8       0x1a ./Libraries/ioLibrary_Driver/Ethernet/wizchip_conf.o
                0x080064e8                wizchip_bus_readdata
 .text.wizchip_bus_writedata
                0x08006502       0x1e ./Libraries/ioLibrary_Driver/Ethernet/wizchip_conf.o
                0x08006502                wizchip_bus_writedata
 .text.wizchip_qspi_read
                0x08006520       0x22 ./Libraries/ioLibrary_Driver/Ethernet/wizchip_conf.o
                0x08006520                wizchip_qspi_read
 .text.wizchip_qspi_write
                0x08006542       0x22 ./Libraries/ioLibrary_Driver/Ethernet/wizchip_conf.o
                0x08006542                wizchip_qspi_write
 .text.reg_wizchip_cs_cbfunc
                0x08006564       0x4c ./Libraries/ioLibrary_Driver/Ethernet/wizchip_conf.o
                0x08006564                reg_wizchip_cs_cbfunc
 .text.reg_wizchip_qspi_cbfunc
                0x080065b0       0x58 ./Libraries/ioLibrary_Driver/Ethernet/wizchip_conf.o
                0x080065b0                reg_wizchip_qspi_cbfunc
 .text.ctlwizchip
                0x08006608      0x298 ./Libraries/ioLibrary_Driver/Ethernet/wizchip_conf.o
                0x08006608                ctlwizchip
 .text.ctlnetwork
                0x080068a0       0xa0 ./Libraries/ioLibrary_Driver/Ethernet/wizchip_conf.o
                0x080068a0                ctlnetwork
 .text.wizchip_sw_reset
                0x08006940      0x168 ./Libraries/ioLibrary_Driver/Ethernet/wizchip_conf.o
                0x08006940                wizchip_sw_reset
 .text.wizchip_init
                0x08006aa8      0x114 ./Libraries/ioLibrary_Driver/Ethernet/wizchip_conf.o
                0x08006aa8                wizchip_init
 .text.wizchip_clrinterrupt
                0x08006bbc       0x74 ./Libraries/ioLibrary_Driver/Ethernet/wizchip_conf.o
                0x08006bbc                wizchip_clrinterrupt
 .text.wizchip_getinterrupt
                0x08006c30       0x58 ./Libraries/ioLibrary_Driver/Ethernet/wizchip_conf.o
                0x08006c30                wizchip_getinterrupt
 .text.wizchip_setinterruptmask
                0x08006c88       0x50 ./Libraries/ioLibrary_Driver/Ethernet/wizchip_conf.o
                0x08006c88                wizchip_setinterruptmask
 .text.wizchip_getinterruptmask
                0x08006cd8       0x5c ./Libraries/ioLibrary_Driver/Ethernet/wizchip_conf.o
                0x08006cd8                wizchip_getinterruptmask
 .text.wizphy_getphylink
                0x08006d34       0x28 ./Libraries/ioLibrary_Driver/Ethernet/wizchip_conf.o
                0x08006d34                wizphy_getphylink
 .text.wizphy_getphypmode
                0x08006d5c       0x28 ./Libraries/ioLibrary_Driver/Ethernet/wizchip_conf.o
                0x08006d5c                wizphy_getphypmode
 .text.wizphy_reset
                0x08006d84       0x34 ./Libraries/ioLibrary_Driver/Ethernet/wizchip_conf.o
                0x08006d84                wizphy_reset
 .text.wizphy_setphyconf
                0x08006db8       0xa4 ./Libraries/ioLibrary_Driver/Ethernet/wizchip_conf.o
                0x08006db8                wizphy_setphyconf
 .text.wizphy_getphyconf
                0x08006e5c       0x6c ./Libraries/ioLibrary_Driver/Ethernet/wizchip_conf.o
                0x08006e5c                wizphy_getphyconf
 .text.wizphy_setphypmode
                0x08006ec8       0x42 ./Libraries/ioLibrary_Driver/Ethernet/wizchip_conf.o
                0x08006ec8                wizphy_setphypmode
 *fill*         0x08006f0a        0x2 
 .text.wizchip_setnetinfo
                0x08006f0c       0xfc ./Libraries/ioLibrary_Driver/Ethernet/wizchip_conf.o
                0x08006f0c                wizchip_setnetinfo
 .text.wizchip_getnetinfo
                0x08007008      0x100 ./Libraries/ioLibrary_Driver/Ethernet/wizchip_conf.o
                0x08007008                wizchip_getnetinfo
 .text.wizchip_setnetmode
                0x08007108       0x58 ./Libraries/ioLibrary_Driver/Ethernet/wizchip_conf.o
                0x08007108                wizchip_setnetmode
 .text.wizchip_getnetmode
                0x08007160       0x5c ./Libraries/ioLibrary_Driver/Ethernet/wizchip_conf.o
                0x08007160                wizchip_getnetmode
 .text.wizchip_settimeout
                0x080071bc       0x80 ./Libraries/ioLibrary_Driver/Ethernet/wizchip_conf.o
                0x080071bc                wizchip_settimeout
 .text.wizchip_gettimeout
                0x0800723c       0x7c ./Libraries/ioLibrary_Driver/Ethernet/wizchip_conf.o
                0x0800723c                wizchip_gettimeout
 .text.default_ip_assign
                0x080072b8       0x40 ./Libraries/ioLibrary_Driver/Internet/DHCP/dhcp.o
                0x080072b8                default_ip_assign
 .text.default_ip_update
                0x080072f8       0x48 ./Libraries/ioLibrary_Driver/Internet/DHCP/dhcp.o
                0x080072f8                default_ip_update
 .text.default_ip_conflict
                0x08007340       0x44 ./Libraries/ioLibrary_Driver/Internet/DHCP/dhcp.o
                0x08007340                default_ip_conflict
 .text.reg_dhcp_cbfunc
                0x08007384       0x68 ./Libraries/ioLibrary_Driver/Internet/DHCP/dhcp.o
                0x08007384                reg_dhcp_cbfunc
 .text.makeDHCPMSG
                0x080073ec      0x1ec ./Libraries/ioLibrary_Driver/Internet/DHCP/dhcp.o
                0x080073ec                makeDHCPMSG
 .text.send_DHCP_DISCOVER
                0x080075d8      0x390 ./Libraries/ioLibrary_Driver/Internet/DHCP/dhcp.o
                0x080075d8                send_DHCP_DISCOVER
 .text.send_DHCP_REQUEST
                0x08007968      0x518 ./Libraries/ioLibrary_Driver/Internet/DHCP/dhcp.o
                0x08007968                send_DHCP_REQUEST
 .text.send_DHCP_DECLINE
                0x08007e80      0x2a8 ./Libraries/ioLibrary_Driver/Internet/DHCP/dhcp.o
                0x08007e80                send_DHCP_DECLINE
 .text.parseDHCPMSG
                0x08008128      0x440 ./Libraries/ioLibrary_Driver/Internet/DHCP/dhcp.o
                0x08008128                parseDHCPMSG
 .text.DHCP_run
                0x08008568      0x230 ./Libraries/ioLibrary_Driver/Internet/DHCP/dhcp.o
                0x08008568                DHCP_run
 .text.check_DHCP_timeout
                0x08008798       0xc0 ./Libraries/ioLibrary_Driver/Internet/DHCP/dhcp.o
                0x08008798                check_DHCP_timeout
 .text.check_DHCP_leasedIP
                0x08008858       0x80 ./Libraries/ioLibrary_Driver/Internet/DHCP/dhcp.o
                0x08008858                check_DHCP_leasedIP
 .text.DHCP_init
                0x080088d8      0x12c ./Libraries/ioLibrary_Driver/Internet/DHCP/dhcp.o
                0x080088d8                DHCP_init
 .text.reset_DHCP_timeout
                0x08008a04       0x2c ./Libraries/ioLibrary_Driver/Internet/DHCP/dhcp.o
                0x08008a04                reset_DHCP_timeout
 .text.DHCP_time_handler
                0x08008a30       0x1c ./Libraries/ioLibrary_Driver/Internet/DHCP/dhcp.o
                0x08008a30                DHCP_time_handler
 .text.getIPfromDHCP
                0x08008a4c       0x40 ./Libraries/ioLibrary_Driver/Internet/DHCP/dhcp.o
                0x08008a4c                getIPfromDHCP
 .text.getGWfromDHCP
                0x08008a8c       0x40 ./Libraries/ioLibrary_Driver/Internet/DHCP/dhcp.o
                0x08008a8c                getGWfromDHCP
 .text.getSNfromDHCP
                0x08008acc       0x40 ./Libraries/ioLibrary_Driver/Internet/DHCP/dhcp.o
                0x08008acc                getSNfromDHCP
 .text.getDNSfromDHCP
                0x08008b0c       0x40 ./Libraries/ioLibrary_Driver/Internet/DHCP/dhcp.o
                0x08008b0c                getDNSfromDHCP
 .text.getDHCPLeasetime
                0x08008b4c       0x18 ./Libraries/ioLibrary_Driver/Internet/DHCP/dhcp.o
                0x08008b4c                getDHCPLeasetime
 .text.NibbleToHex
                0x08008b64       0x32 ./Libraries/ioLibrary_Driver/Internet/DHCP/dhcp.o
                0x08008b64                NibbleToHex
 *fill*         0x08008b96        0x2 
 .text.inet_addr
                0x08008b98       0x9c ./Libraries/ioLibrary_Driver/Internet/TFTP/netutil.o
                0x08008b98                inet_addr
 .text.swapl    0x08008c34       0x48 ./Libraries/ioLibrary_Driver/Internet/TFTP/netutil.o
                0x08008c34                swapl
 .text.ATOI     0x08008c7c       0x4a ./Libraries/ioLibrary_Driver/Internet/httpServer/httpParser.o
                0x08008c7c                ATOI
 .text.C2D      0x08008cc6       0x54 ./Libraries/ioLibrary_Driver/Internet/httpServer/httpParser.o
 *fill*         0x08008d1a        0x2 
 .text.MakePOSTHeader
                0x08008d1c      0x22c ./examples/upnp/MakeXML.o
                0x08008d1c                MakePOSTHeader
 .text.MakeGETHeader
                0x08008f48      0x12c ./examples/upnp/MakeXML.o
                0x08008f48                MakeGETHeader
 .text.MakeSubscribe
                0x08009074      0x1bc ./examples/upnp/MakeXML.o
                0x08009074                MakeSubscribe
 .text.MakeSOAPAddControl
                0x08009230      0x318 ./examples/upnp/MakeXML.o
                0x08009230                MakeSOAPAddControl
 .text.MakeSOAPDeleteControl
                0x08009548      0x1d0 ./examples/upnp/MakeXML.o
                0x08009548                MakeSOAPDeleteControl
 .text.SSDPProcess
                0x08009718       0xfc ./examples/upnp/UPnP.o
                0x08009718                SSDPProcess
 .text.GetDescriptionProcess
                0x08009814      0x168 ./examples/upnp/UPnP.o
                0x08009814                GetDescriptionProcess
 .text.SetEventing
                0x0800997c      0x158 ./examples/upnp/UPnP.o
                0x0800997c                SetEventing
 .text.eventing_listener
                0x08009ad4      0x140 ./examples/upnp/UPnP.o
                0x08009ad4                eventing_listener
 .text.DeletePortProcess
                0x08009c14      0x1a0 ./examples/upnp/UPnP.o
                0x08009c14                DeletePortProcess
 .text.AddPortProcess
                0x08009db4      0x1a4 ./examples/upnp/UPnP.o
                0x08009db4                AddPortProcess
 .text.parseHTTP
                0x08009f58       0x68 ./examples/upnp/UPnP.o
                0x08009f58                parseHTTP
 .text.parseSSDP
                0x08009fc0      0x150 ./examples/upnp/UPnP.o
                0x08009fc0                parseSSDP
 .text.parseDescription
                0x0800a110      0x10c ./examples/upnp/UPnP.o
                0x0800a110                parseDescription
 .text.parseEventing
                0x0800a21c      0x1d4 ./examples/upnp/UPnP.o
                0x0800a21c                parseEventing
 .text.parseError
                0x0800a3f0      0x184 ./examples/upnp/UPnP.o
                0x0800a3f0                parseError
 .text.parseDeletePort
                0x0800a574       0x34 ./examples/upnp/UPnP.o
                0x0800a574                parseDeletePort
 .text.parseAddPort
                0x0800a5a8       0x34 ./examples/upnp/UPnP.o
                0x0800a5a8                parseAddPort
 .text.ValidATOI
                0x0800a5dc       0x70 ./examples/upnp/UPnP.o
                0x0800a5dc                ValidATOI
 .text.C2D      0x0800a64c       0x54 ./examples/upnp/UPnP.o
                0x0800a64c                C2D
 .text.VerifyIPAddress
                0x0800a6a0       0xb4 ./examples/upnp/UPnP.o
                0x0800a6a0                VerifyIPAddress
 .text.cb_dhcp_assign
                0x0800a754       0x84 ./examples/upnp/app_main.o
 .text.cb_dhcp_conflict
                0x0800a7d8       0x14 ./examples/upnp/app_main.o
 .text.setUserLEDStatus
                0x0800a7ec       0x34 ./examples/upnp/app_main.o
 .text.app_main
                0x0800a820      0x168 ./examples/upnp/app_main.o
                0x0800a820                app_main
 .text.UserLED_Control_Init
                0x0800a988       0x2c ./examples/upnp/hyperterminal.o
                0x0800a988                UserLED_Control_Init
 .text.GetInputString
                0x0800a9b4       0xac ./examples/upnp/hyperterminal.o
                0x0800a9b4                GetInputString
 .text.SerialKeyPressed
                0x0800aa60       0x34 ./examples/upnp/hyperterminal.o
                0x0800aa60                SerialKeyPressed
 .text.Main_Menu
                0x0800aa94      0x4dc ./examples/upnp/hyperterminal.o
                0x0800aa94                Main_Menu
 .text.wizchip_dhcp_time_tick
                0x0800af70        0xc ./port/wizchip_dhcp.o
                0x0800af70                wizchip_dhcp_time_tick
 .text.HAL_QSPI_TxCpltCallback
                0x0800af7c       0x20 ./port/wizchip_qspi.o
                0x0800af7c                HAL_QSPI_TxCpltCallback
 .text.HAL_QSPI_RxCpltCallback
                0x0800af9c       0x20 ./port/wizchip_qspi.o
                0x0800af9c                HAL_QSPI_RxCpltCallback
 .text.wizchip_select
                0x0800afbc        0xe ./port/wizchip_qspi.o
 .text.wizchip_deselect
                0x0800afca        0xe ./port/wizchip_qspi.o
 .text.w6300_qspi_make_cmd
                0x0800afd8       0x94 ./port/wizchip_qspi.o
 .text.W6300_QspiWriteByte
                0x0800b06c       0xa8 ./port/wizchip_qspi.o
                0x0800b06c                W6300_QspiWriteByte
 .text.W6300_QspiReadByte
                0x0800b114       0xa8 ./port/wizchip_qspi.o
                0x0800b114                W6300_QspiReadByte
 .text.wizchip_reset
                0x0800b1bc       0x2c ./port/wizchip_qspi.o
                0x0800b1bc                wizchip_reset
 .text.wizchip_initialize
                0x0800b1e8       0xa0 ./port/wizchip_qspi.o
                0x0800b1e8                wizchip_initialize
 .text.network_initialize
                0x0800b288       0x24 ./port/wizchip_qspi.o
                0x0800b288                network_initialize
 .text.print_network_information
                0x0800b2ac      0x160 ./port/wizchip_qspi.o
                0x0800b2ac                print_network_information
 .text.print_ipv6_addr
                0x0800b40c       0xd0 ./port/wizchip_qspi.o
                0x0800b40c                print_ipv6_addr
 .text.malloc   0x0800b4dc       0x10 C:/ST/STM32CubeIDE_1.15.1/STM32CubeIDE/plugins/com.st.stm32cube.ide.mcu.externaltools.gnu-tools-for-stm32.12.3.rel1.win32_1.0.200.202406191623/tools/bin/../lib/gcc/arm-none-eabi/12.3.1/../../../../arm-none-eabi/lib/thumb/v7e-m+fp/hard\libc_nano.a(libc_a-malloc.o)
                0x0800b4dc                malloc
 .text.sbrk_aligned
                0x0800b4ec       0x44 C:/ST/STM32CubeIDE_1.15.1/STM32CubeIDE/plugins/com.st.stm32cube.ide.mcu.externaltools.gnu-tools-for-stm32.12.3.rel1.win32_1.0.200.202406191623/tools/bin/../lib/gcc/arm-none-eabi/12.3.1/../../../../arm-none-eabi/lib/thumb/v7e-m+fp/hard\libc_nano.a(libc_a-mallocr.o)
 .text._malloc_r
                0x0800b530      0x100 C:/ST/STM32CubeIDE_1.15.1/STM32CubeIDE/plugins/com.st.stm32cube.ide.mcu.externaltools.gnu-tools-for-stm32.12.3.rel1.win32_1.0.200.202406191623/tools/bin/../lib/gcc/arm-none-eabi/12.3.1/../../../../arm-none-eabi/lib/thumb/v7e-m+fp/hard\libc_nano.a(libc_a-mallocr.o)
                0x0800b530                _malloc_r
 .text.__malloc_lock
                0x0800b630        0xc C:/ST/STM32CubeIDE_1.15.1/STM32CubeIDE/plugins/com.st.stm32cube.ide.mcu.externaltools.gnu-tools-for-stm32.12.3.rel1.win32_1.0.200.202406191623/tools/bin/../lib/gcc/arm-none-eabi/12.3.1/../../../../arm-none-eabi/lib/thumb/v7e-m+fp/hard\libc_nano.a(libc_a-mlock.o)
                0x0800b630                __malloc_lock
 .text.__malloc_unlock
                0x0800b63c        0xc C:/ST/STM32CubeIDE_1.15.1/STM32CubeIDE/plugins/com.st.stm32cube.ide.mcu.externaltools.gnu-tools-for-stm32.12.3.rel1.win32_1.0.200.202406191623/tools/bin/../lib/gcc/arm-none-eabi/12.3.1/../../../../arm-none-eabi/lib/thumb/v7e-m+fp/hard\libc_nano.a(libc_a-mlock.o)
                0x0800b63c                __malloc_unlock
 .text._strtol_l.constprop.0
                0x0800b648       0xf4 C:/ST/STM32CubeIDE_1.15.1/STM32CubeIDE/plugins/com.st.stm32cube.ide.mcu.externaltools.gnu-tools-for-stm32.12.3.rel1.win32_1.0.200.202406191623/tools/bin/../lib/gcc/arm-none-eabi/12.3.1/../../../../arm-none-eabi/lib/thumb/v7e-m+fp/hard\libc_nano.a(libc_a-strtol.o)
 .text.strtol   0x0800b73c       0x14 C:/ST/STM32CubeIDE_1.15.1/STM32CubeIDE/plugins/com.st.stm32cube.ide.mcu.externaltools.gnu-tools-for-stm32.12.3.rel1.win32_1.0.200.202406191623/tools/bin/../lib/gcc/arm-none-eabi/12.3.1/../../../../arm-none-eabi/lib/thumb/v7e-m+fp/hard\libc_nano.a(libc_a-strtol.o)
                0x0800b73c                strtol
 .text.std      0x0800b750       0x6c C:/ST/STM32CubeIDE_1.15.1/STM32CubeIDE/plugins/com.st.stm32cube.ide.mcu.externaltools.gnu-tools-for-stm32.12.3.rel1.win32_1.0.200.202406191623/tools/bin/../lib/gcc/arm-none-eabi/12.3.1/../../../../arm-none-eabi/lib/thumb/v7e-m+fp/hard\libc_nano.a(libc_a-findfp.o)
 .text.stdio_exit_handler
                0x0800b7bc       0x18 C:/ST/STM32CubeIDE_1.15.1/STM32CubeIDE/plugins/com.st.stm32cube.ide.mcu.externaltools.gnu-tools-for-stm32.12.3.rel1.win32_1.0.200.202406191623/tools/bin/../lib/gcc/arm-none-eabi/12.3.1/../../../../arm-none-eabi/lib/thumb/v7e-m+fp/hard\libc_nano.a(libc_a-findfp.o)
 .text.cleanup_stdio
                0x0800b7d4       0x40 C:/ST/STM32CubeIDE_1.15.1/STM32CubeIDE/plugins/com.st.stm32cube.ide.mcu.externaltools.gnu-tools-for-stm32.12.3.rel1.win32_1.0.200.202406191623/tools/bin/../lib/gcc/arm-none-eabi/12.3.1/../../../../arm-none-eabi/lib/thumb/v7e-m+fp/hard\libc_nano.a(libc_a-findfp.o)
 .text.global_stdio_init.part.0
                0x0800b814       0x3c C:/ST/STM32CubeIDE_1.15.1/STM32CubeIDE/plugins/com.st.stm32cube.ide.mcu.externaltools.gnu-tools-for-stm32.12.3.rel1.win32_1.0.200.202406191623/tools/bin/../lib/gcc/arm-none-eabi/12.3.1/../../../../arm-none-eabi/lib/thumb/v7e-m+fp/hard\libc_nano.a(libc_a-findfp.o)
 .text.__sfp_lock_acquire
                0x0800b850        0xc C:/ST/STM32CubeIDE_1.15.1/STM32CubeIDE/plugins/com.st.stm32cube.ide.mcu.externaltools.gnu-tools-for-stm32.12.3.rel1.win32_1.0.200.202406191623/tools/bin/../lib/gcc/arm-none-eabi/12.3.1/../../../../arm-none-eabi/lib/thumb/v7e-m+fp/hard\libc_nano.a(libc_a-findfp.o)
                0x0800b850                __sfp_lock_acquire
 .text.__sfp_lock_release
                0x0800b85c        0xc C:/ST/STM32CubeIDE_1.15.1/STM32CubeIDE/plugins/com.st.stm32cube.ide.mcu.externaltools.gnu-tools-for-stm32.12.3.rel1.win32_1.0.200.202406191623/tools/bin/../lib/gcc/arm-none-eabi/12.3.1/../../../../arm-none-eabi/lib/thumb/v7e-m+fp/hard\libc_nano.a(libc_a-findfp.o)
                0x0800b85c                __sfp_lock_release
 .text.__sinit  0x0800b868       0x30 C:/ST/STM32CubeIDE_1.15.1/STM32CubeIDE/plugins/com.st.stm32cube.ide.mcu.externaltools.gnu-tools-for-stm32.12.3.rel1.win32_1.0.200.202406191623/tools/bin/../lib/gcc/arm-none-eabi/12.3.1/../../../../arm-none-eabi/lib/thumb/v7e-m+fp/hard\libc_nano.a(libc_a-findfp.o)
                0x0800b868                __sinit
 .text._fwalk_sglue
                0x0800b898       0x3c C:/ST/STM32CubeIDE_1.15.1/STM32CubeIDE/plugins/com.st.stm32cube.ide.mcu.externaltools.gnu-tools-for-stm32.12.3.rel1.win32_1.0.200.202406191623/tools/bin/../lib/gcc/arm-none-eabi/12.3.1/../../../../arm-none-eabi/lib/thumb/v7e-m+fp/hard\libc_nano.a(libc_a-fwalk.o)
                0x0800b898                _fwalk_sglue
 .text.printf   0x0800b8d4       0x24 C:/ST/STM32CubeIDE_1.15.1/STM32CubeIDE/plugins/com.st.stm32cube.ide.mcu.externaltools.gnu-tools-for-stm32.12.3.rel1.win32_1.0.200.202406191623/tools/bin/../lib/gcc/arm-none-eabi/12.3.1/../../../../arm-none-eabi/lib/thumb/v7e-m+fp/hard\libc_nano.a(libc_a-printf.o)
                0x0800b8d4                iprintf
                0x0800b8d4                printf
 .text.putchar  0x0800b8f8       0x10 C:/ST/STM32CubeIDE_1.15.1/STM32CubeIDE/plugins/com.st.stm32cube.ide.mcu.externaltools.gnu-tools-for-stm32.12.3.rel1.win32_1.0.200.202406191623/tools/bin/../lib/gcc/arm-none-eabi/12.3.1/../../../../arm-none-eabi/lib/thumb/v7e-m+fp/hard\libc_nano.a(libc_a-putchar.o)
                0x0800b8f8                putchar
 .text._puts_r  0x0800b908       0xaa C:/ST/STM32CubeIDE_1.15.1/STM32CubeIDE/plugins/com.st.stm32cube.ide.mcu.externaltools.gnu-tools-for-stm32.12.3.rel1.win32_1.0.200.202406191623/tools/bin/../lib/gcc/arm-none-eabi/12.3.1/../../../../arm-none-eabi/lib/thumb/v7e-m+fp/hard\libc_nano.a(libc_a-puts.o)
                0x0800b908                _puts_r
 *fill*         0x0800b9b2        0x2 
 .text.puts     0x0800b9b4       0x10 C:/ST/STM32CubeIDE_1.15.1/STM32CubeIDE/plugins/com.st.stm32cube.ide.mcu.externaltools.gnu-tools-for-stm32.12.3.rel1.win32_1.0.200.202406191623/tools/bin/../lib/gcc/arm-none-eabi/12.3.1/../../../../arm-none-eabi/lib/thumb/v7e-m+fp/hard\libc_nano.a(libc_a-puts.o)
                0x0800b9b4                puts
 .text.sprintf  0x0800b9c4       0x40 C:/ST/STM32CubeIDE_1.15.1/STM32CubeIDE/plugins/com.st.stm32cube.ide.mcu.externaltools.gnu-tools-for-stm32.12.3.rel1.win32_1.0.200.202406191623/tools/bin/../lib/gcc/arm-none-eabi/12.3.1/../../../../arm-none-eabi/lib/thumb/v7e-m+fp/hard\libc_nano.a(libc_a-sprintf.o)
                0x0800b9c4                siprintf
                0x0800b9c4                sprintf
 .text.__sread  0x0800ba04       0x22 C:/ST/STM32CubeIDE_1.15.1/STM32CubeIDE/plugins/com.st.stm32cube.ide.mcu.externaltools.gnu-tools-for-stm32.12.3.rel1.win32_1.0.200.202406191623/tools/bin/../lib/gcc/arm-none-eabi/12.3.1/../../../../arm-none-eabi/lib/thumb/v7e-m+fp/hard\libc_nano.a(libc_a-stdio.o)
                0x0800ba04                __sread
 .text.__swrite
                0x0800ba26       0x38 C:/ST/STM32CubeIDE_1.15.1/STM32CubeIDE/plugins/com.st.stm32cube.ide.mcu.externaltools.gnu-tools-for-stm32.12.3.rel1.win32_1.0.200.202406191623/tools/bin/../lib/gcc/arm-none-eabi/12.3.1/../../../../arm-none-eabi/lib/thumb/v7e-m+fp/hard\libc_nano.a(libc_a-stdio.o)
                0x0800ba26                __swrite
 .text.__sseek  0x0800ba5e       0x24 C:/ST/STM32CubeIDE_1.15.1/STM32CubeIDE/plugins/com.st.stm32cube.ide.mcu.externaltools.gnu-tools-for-stm32.12.3.rel1.win32_1.0.200.202406191623/tools/bin/../lib/gcc/arm-none-eabi/12.3.1/../../../../arm-none-eabi/lib/thumb/v7e-m+fp/hard\libc_nano.a(libc_a-stdio.o)
                0x0800ba5e                __sseek
 .text.__sclose
                0x0800ba82        0x8 C:/ST/STM32CubeIDE_1.15.1/STM32CubeIDE/plugins/com.st.stm32cube.ide.mcu.externaltools.gnu-tools-for-stm32.12.3.rel1.win32_1.0.200.202406191623/tools/bin/../lib/gcc/arm-none-eabi/12.3.1/../../../../arm-none-eabi/lib/thumb/v7e-m+fp/hard\libc_nano.a(libc_a-stdio.o)
                0x0800ba82                __sclose
 .text.__swbuf_r
                0x0800ba8a       0x7c C:/ST/STM32CubeIDE_1.15.1/STM32CubeIDE/plugins/com.st.stm32cube.ide.mcu.externaltools.gnu-tools-for-stm32.12.3.rel1.win32_1.0.200.202406191623/tools/bin/../lib/gcc/arm-none-eabi/12.3.1/../../../../arm-none-eabi/lib/thumb/v7e-m+fp/hard\libc_nano.a(libc_a-wbuf.o)
                0x0800ba8a                __swbuf_r
 *fill*         0x0800bb06        0x2 
 .text.__swsetup_r
                0x0800bb08       0xac C:/ST/STM32CubeIDE_1.15.1/STM32CubeIDE/plugins/com.st.stm32cube.ide.mcu.externaltools.gnu-tools-for-stm32.12.3.rel1.win32_1.0.200.202406191623/tools/bin/../lib/gcc/arm-none-eabi/12.3.1/../../../../arm-none-eabi/lib/thumb/v7e-m+fp/hard\libc_nano.a(libc_a-wsetup.o)
                0x0800bb08                __swsetup_r
 .text.memset   0x0800bbb4       0x10 C:/ST/STM32CubeIDE_1.15.1/STM32CubeIDE/plugins/com.st.stm32cube.ide.mcu.externaltools.gnu-tools-for-stm32.12.3.rel1.win32_1.0.200.202406191623/tools/bin/../lib/gcc/arm-none-eabi/12.3.1/../../../../arm-none-eabi/lib/thumb/v7e-m+fp/hard\libc_nano.a(libc_a-memset.o)
                0x0800bbb4                memset
 .text.strcat   0x0800bbc4       0x1e C:/ST/STM32CubeIDE_1.15.1/STM32CubeIDE/plugins/com.st.stm32cube.ide.mcu.externaltools.gnu-tools-for-stm32.12.3.rel1.win32_1.0.200.202406191623/tools/bin/../lib/gcc/arm-none-eabi/12.3.1/../../../../arm-none-eabi/lib/thumb/v7e-m+fp/hard\libc_nano.a(libc_a-strcat.o)
                0x0800bbc4                strcat
 .text.strchr   0x0800bbe2       0x1a C:/ST/STM32CubeIDE_1.15.1/STM32CubeIDE/plugins/com.st.stm32cube.ide.mcu.externaltools.gnu-tools-for-stm32.12.3.rel1.win32_1.0.200.202406191623/tools/bin/../lib/gcc/arm-none-eabi/12.3.1/../../../../arm-none-eabi/lib/thumb/v7e-m+fp/hard\libc_nano.a(libc_a-strchr.o)
                0x0800bbe2                strchr
 .text.strncpy  0x0800bbfc       0x26 C:/ST/STM32CubeIDE_1.15.1/STM32CubeIDE/plugins/com.st.stm32cube.ide.mcu.externaltools.gnu-tools-for-stm32.12.3.rel1.win32_1.0.200.202406191623/tools/bin/../lib/gcc/arm-none-eabi/12.3.1/../../../../arm-none-eabi/lib/thumb/v7e-m+fp/hard\libc_nano.a(libc_a-strncpy.o)
                0x0800bbfc                strncpy
 *fill*         0x0800bc22        0x2 
 .text.strtok   0x0800bc24       0x68 C:/ST/STM32CubeIDE_1.15.1/STM32CubeIDE/plugins/com.st.stm32cube.ide.mcu.externaltools.gnu-tools-for-stm32.12.3.rel1.win32_1.0.200.202406191623/tools/bin/../lib/gcc/arm-none-eabi/12.3.1/../../../../arm-none-eabi/lib/thumb/v7e-m+fp/hard\libc_nano.a(libc_a-strtok.o)
                0x0800bc24                strtok
 .text.__strtok_r
                0x0800bc8c       0x50 C:/ST/STM32CubeIDE_1.15.1/STM32CubeIDE/plugins/com.st.stm32cube.ide.mcu.externaltools.gnu-tools-for-stm32.12.3.rel1.win32_1.0.200.202406191623/tools/bin/../lib/gcc/arm-none-eabi/12.3.1/../../../../arm-none-eabi/lib/thumb/v7e-m+fp/hard\libc_nano.a(libc_a-strtok_r.o)
                0x0800bc8c                __strtok_r
 .text.strstr   0x0800bcdc       0x2c C:/ST/STM32CubeIDE_1.15.1/STM32CubeIDE/plugins/com.st.stm32cube.ide.mcu.externaltools.gnu-tools-for-stm32.12.3.rel1.win32_1.0.200.202406191623/tools/bin/../lib/gcc/arm-none-eabi/12.3.1/../../../../arm-none-eabi/lib/thumb/v7e-m+fp/hard\libc_nano.a(libc_a-strstr.o)
                0x0800bcdc                strstr
 .text._close_r
                0x0800bd08       0x20 C:/ST/STM32CubeIDE_1.15.1/STM32CubeIDE/plugins/com.st.stm32cube.ide.mcu.externaltools.gnu-tools-for-stm32.12.3.rel1.win32_1.0.200.202406191623/tools/bin/../lib/gcc/arm-none-eabi/12.3.1/../../../../arm-none-eabi/lib/thumb/v7e-m+fp/hard\libc_nano.a(libc_a-closer.o)
                0x0800bd08                _close_r
 .text._lseek_r
                0x0800bd28       0x24 C:/ST/STM32CubeIDE_1.15.1/STM32CubeIDE/plugins/com.st.stm32cube.ide.mcu.externaltools.gnu-tools-for-stm32.12.3.rel1.win32_1.0.200.202406191623/tools/bin/../lib/gcc/arm-none-eabi/12.3.1/../../../../arm-none-eabi/lib/thumb/v7e-m+fp/hard\libc_nano.a(libc_a-lseekr.o)
                0x0800bd28                _lseek_r
 .text._read_r  0x0800bd4c       0x24 C:/ST/STM32CubeIDE_1.15.1/STM32CubeIDE/plugins/com.st.stm32cube.ide.mcu.externaltools.gnu-tools-for-stm32.12.3.rel1.win32_1.0.200.202406191623/tools/bin/../lib/gcc/arm-none-eabi/12.3.1/../../../../arm-none-eabi/lib/thumb/v7e-m+fp/hard\libc_nano.a(libc_a-readr.o)
                0x0800bd4c                _read_r
 .text._sbrk_r  0x0800bd70       0x20 C:/ST/STM32CubeIDE_1.15.1/STM32CubeIDE/plugins/com.st.stm32cube.ide.mcu.externaltools.gnu-tools-for-stm32.12.3.rel1.win32_1.0.200.202406191623/tools/bin/../lib/gcc/arm-none-eabi/12.3.1/../../../../arm-none-eabi/lib/thumb/v7e-m+fp/hard\libc_nano.a(libc_a-sbrkr.o)
                0x0800bd70                _sbrk_r
 .text._write_r
                0x0800bd90       0x24 C:/ST/STM32CubeIDE_1.15.1/STM32CubeIDE/plugins/com.st.stm32cube.ide.mcu.externaltools.gnu-tools-for-stm32.12.3.rel1.win32_1.0.200.202406191623/tools/bin/../lib/gcc/arm-none-eabi/12.3.1/../../../../arm-none-eabi/lib/thumb/v7e-m+fp/hard\libc_nano.a(libc_a-writer.o)
                0x0800bd90                _write_r
 .text.__errno  0x0800bdb4        0xc C:/ST/STM32CubeIDE_1.15.1/STM32CubeIDE/plugins/com.st.stm32cube.ide.mcu.externaltools.gnu-tools-for-stm32.12.3.rel1.win32_1.0.200.202406191623/tools/bin/../lib/gcc/arm-none-eabi/12.3.1/../../../../arm-none-eabi/lib/thumb/v7e-m+fp/hard\libc_nano.a(libc_a-errno.o)
                0x0800bdb4                __errno
 .text.__libc_init_array
                0x0800bdc0       0x48 C:/ST/STM32CubeIDE_1.15.1/STM32CubeIDE/plugins/com.st.stm32cube.ide.mcu.externaltools.gnu-tools-for-stm32.12.3.rel1.win32_1.0.200.202406191623/tools/bin/../lib/gcc/arm-none-eabi/12.3.1/../../../../arm-none-eabi/lib/thumb/v7e-m+fp/hard\libc_nano.a(libc_a-init.o)
                0x0800bdc0                __libc_init_array
 .text.__retarget_lock_init_recursive
                0x0800be08        0x2 C:/ST/STM32CubeIDE_1.15.1/STM32CubeIDE/plugins/com.st.stm32cube.ide.mcu.externaltools.gnu-tools-for-stm32.12.3.rel1.win32_1.0.200.202406191623/tools/bin/../lib/gcc/arm-none-eabi/12.3.1/../../../../arm-none-eabi/lib/thumb/v7e-m+fp/hard\libc_nano.a(libc_a-lock.o)
                0x0800be08                __retarget_lock_init_recursive
 .text.__retarget_lock_acquire_recursive
                0x0800be0a        0x2 C:/ST/STM32CubeIDE_1.15.1/STM32CubeIDE/plugins/com.st.stm32cube.ide.mcu.externaltools.gnu-tools-for-stm32.12.3.rel1.win32_1.0.200.202406191623/tools/bin/../lib/gcc/arm-none-eabi/12.3.1/../../../../arm-none-eabi/lib/thumb/v7e-m+fp/hard\libc_nano.a(libc_a-lock.o)
                0x0800be0a                __retarget_lock_acquire_recursive
 .text.__retarget_lock_release_recursive
                0x0800be0c        0x2 C:/ST/STM32CubeIDE_1.15.1/STM32CubeIDE/plugins/com.st.stm32cube.ide.mcu.externaltools.gnu-tools-for-stm32.12.3.rel1.win32_1.0.200.202406191623/tools/bin/../lib/gcc/arm-none-eabi/12.3.1/../../../../arm-none-eabi/lib/thumb/v7e-m+fp/hard\libc_nano.a(libc_a-lock.o)
                0x0800be0c                __retarget_lock_release_recursive
 .text.strcpy   0x0800be0e       0x10 C:/ST/STM32CubeIDE_1.15.1/STM32CubeIDE/plugins/com.st.stm32cube.ide.mcu.externaltools.gnu-tools-for-stm32.12.3.rel1.win32_1.0.200.202406191623/tools/bin/../lib/gcc/arm-none-eabi/12.3.1/../../../../arm-none-eabi/lib/thumb/v7e-m+fp/hard\libc_nano.a(libc_a-strcpy.o)
                0x0800be0e                strcpy
 .text.memcpy   0x0800be1e       0x1c C:/ST/STM32CubeIDE_1.15.1/STM32CubeIDE/plugins/com.st.stm32cube.ide.mcu.externaltools.gnu-tools-for-stm32.12.3.rel1.win32_1.0.200.202406191623/tools/bin/../lib/gcc/arm-none-eabi/12.3.1/../../../../arm-none-eabi/lib/thumb/v7e-m+fp/hard\libc_nano.a(libc_a-memcpy-stub.o)
                0x0800be1e                memcpy
 *fill*         0x0800be3a        0x2 
 .text.__assert_func
                0x0800be3c       0x3c C:/ST/STM32CubeIDE_1.15.1/STM32CubeIDE/plugins/com.st.stm32cube.ide.mcu.externaltools.gnu-tools-for-stm32.12.3.rel1.win32_1.0.200.202406191623/tools/bin/../lib/gcc/arm-none-eabi/12.3.1/../../../../arm-none-eabi/lib/thumb/v7e-m+fp/hard\libc_nano.a(libc_a-assert.o)
                0x0800be3c                __assert_func
 .text._free_r  0x0800be78       0x94 C:/ST/STM32CubeIDE_1.15.1/STM32CubeIDE/plugins/com.st.stm32cube.ide.mcu.externaltools.gnu-tools-for-stm32.12.3.rel1.win32_1.0.200.202406191623/tools/bin/../lib/gcc/arm-none-eabi/12.3.1/../../../../arm-none-eabi/lib/thumb/v7e-m+fp/hard\libc_nano.a(libc_a-freer.o)
                0x0800be78                _free_r
 .text.__ssputs_r
                0x0800bf0c       0xb6 C:/ST/STM32CubeIDE_1.15.1/STM32CubeIDE/plugins/com.st.stm32cube.ide.mcu.externaltools.gnu-tools-for-stm32.12.3.rel1.win32_1.0.200.202406191623/tools/bin/../lib/gcc/arm-none-eabi/12.3.1/../../../../arm-none-eabi/lib/thumb/v7e-m+fp/hard\libc_nano.a(libc_a-nano-svfprintf.o)
                0x0800bf0c                __ssputs_r
 *fill*         0x0800bfc2        0x2 
 .text._svfprintf_r
                0x0800bfc4      0x1f8 C:/ST/STM32CubeIDE_1.15.1/STM32CubeIDE/plugins/com.st.stm32cube.ide.mcu.externaltools.gnu-tools-for-stm32.12.3.rel1.win32_1.0.200.202406191623/tools/bin/../lib/gcc/arm-none-eabi/12.3.1/../../../../arm-none-eabi/lib/thumb/v7e-m+fp/hard\libc_nano.a(libc_a-nano-svfprintf.o)
                0x0800bfc4                _svfiprintf_r
                0x0800bfc4                _svfprintf_r
 .text.__sfputc_r
                0x0800c1bc       0x2e C:/ST/STM32CubeIDE_1.15.1/STM32CubeIDE/plugins/com.st.stm32cube.ide.mcu.externaltools.gnu-tools-for-stm32.12.3.rel1.win32_1.0.200.202406191623/tools/bin/../lib/gcc/arm-none-eabi/12.3.1/../../../../arm-none-eabi/lib/thumb/v7e-m+fp/hard\libc_nano.a(libc_a-nano-vfprintf.o)
 .text.__sfputs_r
                0x0800c1ea       0x24 C:/ST/STM32CubeIDE_1.15.1/STM32CubeIDE/plugins/com.st.stm32cube.ide.mcu.externaltools.gnu-tools-for-stm32.12.3.rel1.win32_1.0.200.202406191623/tools/bin/../lib/gcc/arm-none-eabi/12.3.1/../../../../arm-none-eabi/lib/thumb/v7e-m+fp/hard\libc_nano.a(libc_a-nano-vfprintf.o)
                0x0800c1ea                __sfputs_r
 *fill*         0x0800c20e        0x2 
 .text._vfprintf_r
                0x0800c210      0x230 C:/ST/STM32CubeIDE_1.15.1/STM32CubeIDE/plugins/com.st.stm32cube.ide.mcu.externaltools.gnu-tools-for-stm32.12.3.rel1.win32_1.0.200.202406191623/tools/bin/../lib/gcc/arm-none-eabi/12.3.1/../../../../arm-none-eabi/lib/thumb/v7e-m+fp/hard\libc_nano.a(libc_a-nano-vfprintf.o)
                0x0800c210                _vfprintf_r
                0x0800c210                _vfiprintf_r
 .text._printf_common
                0x0800c440       0xda C:/ST/STM32CubeIDE_1.15.1/STM32CubeIDE/plugins/com.st.stm32cube.ide.mcu.externaltools.gnu-tools-for-stm32.12.3.rel1.win32_1.0.200.202406191623/tools/bin/../lib/gcc/arm-none-eabi/12.3.1/../../../../arm-none-eabi/lib/thumb/v7e-m+fp/hard\libc_nano.a(libc_a-nano-vfprintf_i.o)
                0x0800c440                _printf_common
 *fill*         0x0800c51a        0x2 
 .text._printf_i
                0x0800c51c      0x240 C:/ST/STM32CubeIDE_1.15.1/STM32CubeIDE/plugins/com.st.stm32cube.ide.mcu.externaltools.gnu-tools-for-stm32.12.3.rel1.win32_1.0.200.202406191623/tools/bin/../lib/gcc/arm-none-eabi/12.3.1/../../../../arm-none-eabi/lib/thumb/v7e-m+fp/hard\libc_nano.a(libc_a-nano-vfprintf_i.o)
                0x0800c51c                _printf_i
 .text.__sflush_r
                0x0800c75c      0x108 C:/ST/STM32CubeIDE_1.15.1/STM32CubeIDE/plugins/com.st.stm32cube.ide.mcu.externaltools.gnu-tools-for-stm32.12.3.rel1.win32_1.0.200.202406191623/tools/bin/../lib/gcc/arm-none-eabi/12.3.1/../../../../arm-none-eabi/lib/thumb/v7e-m+fp/hard\libc_nano.a(libc_a-fflush.o)
                0x0800c75c                __sflush_r
 .text._fflush_r
                0x0800c864       0x50 C:/ST/STM32CubeIDE_1.15.1/STM32CubeIDE/plugins/com.st.stm32cube.ide.mcu.externaltools.gnu-tools-for-stm32.12.3.rel1.win32_1.0.200.202406191623/tools/bin/../lib/gcc/arm-none-eabi/12.3.1/../../../../arm-none-eabi/lib/thumb/v7e-m+fp/hard\libc_nano.a(libc_a-fflush.o)
                0x0800c864                _fflush_r
 .text.fprintf  0x0800c8b4       0x24 C:/ST/STM32CubeIDE_1.15.1/STM32CubeIDE/plugins/com.st.stm32cube.ide.mcu.externaltools.gnu-tools-for-stm32.12.3.rel1.win32_1.0.200.202406191623/tools/bin/../lib/gcc/arm-none-eabi/12.3.1/../../../../arm-none-eabi/lib/thumb/v7e-m+fp/hard\libc_nano.a(libc_a-fprintf.o)
                0x0800c8b4                fiprintf
                0x0800c8b4                fprintf
 .text.__swhatbuf_r
                0x0800c8d8       0x4c C:/ST/STM32CubeIDE_1.15.1/STM32CubeIDE/plugins/com.st.stm32cube.ide.mcu.externaltools.gnu-tools-for-stm32.12.3.rel1.win32_1.0.200.202406191623/tools/bin/../lib/gcc/arm-none-eabi/12.3.1/../../../../arm-none-eabi/lib/thumb/v7e-m+fp/hard\libc_nano.a(libc_a-makebuf.o)
                0x0800c8d8                __swhatbuf_r
 .text.__smakebuf_r
                0x0800c924       0x78 C:/ST/STM32CubeIDE_1.15.1/STM32CubeIDE/plugins/com.st.stm32cube.ide.mcu.externaltools.gnu-tools-for-stm32.12.3.rel1.win32_1.0.200.202406191623/tools/bin/../lib/gcc/arm-none-eabi/12.3.1/../../../../arm-none-eabi/lib/thumb/v7e-m+fp/hard\libc_nano.a(libc_a-makebuf.o)
                0x0800c924                __smakebuf_r
 .text._putc_r  0x0800c99c       0x68 C:/ST/STM32CubeIDE_1.15.1/STM32CubeIDE/plugins/com.st.stm32cube.ide.mcu.externaltools.gnu-tools-for-stm32.12.3.rel1.win32_1.0.200.202406191623/tools/bin/../lib/gcc/arm-none-eabi/12.3.1/../../../../arm-none-eabi/lib/thumb/v7e-m+fp/hard\libc_nano.a(libc_a-putc.o)
                0x0800c99c                _putc_r
 .text.memmove  0x0800ca04       0x34 C:/ST/STM32CubeIDE_1.15.1/STM32CubeIDE/plugins/com.st.stm32cube.ide.mcu.externaltools.gnu-tools-for-stm32.12.3.rel1.win32_1.0.200.202406191623/tools/bin/../lib/gcc/arm-none-eabi/12.3.1/../../../../arm-none-eabi/lib/thumb/v7e-m+fp/hard\libc_nano.a(libc_a-memmove.o)
                0x0800ca04                memmove
 .text._fstat_r
                0x0800ca38       0x24 C:/ST/STM32CubeIDE_1.15.1/STM32CubeIDE/plugins/com.st.stm32cube.ide.mcu.externaltools.gnu-tools-for-stm32.12.3.rel1.win32_1.0.200.202406191623/tools/bin/../lib/gcc/arm-none-eabi/12.3.1/../../../../arm-none-eabi/lib/thumb/v7e-m+fp/hard\libc_nano.a(libc_a-fstatr.o)
                0x0800ca38                _fstat_r
 .text._isatty_r
                0x0800ca5c       0x20 C:/ST/STM32CubeIDE_1.15.1/STM32CubeIDE/plugins/com.st.stm32cube.ide.mcu.externaltools.gnu-tools-for-stm32.12.3.rel1.win32_1.0.200.202406191623/tools/bin/../lib/gcc/arm-none-eabi/12.3.1/../../../../arm-none-eabi/lib/thumb/v7e-m+fp/hard\libc_nano.a(libc_a-isattyr.o)
                0x0800ca5c                _isatty_r
 .text.abort    0x0800ca7c        0xe C:/ST/STM32CubeIDE_1.15.1/STM32CubeIDE/plugins/com.st.stm32cube.ide.mcu.externaltools.gnu-tools-for-stm32.12.3.rel1.win32_1.0.200.202406191623/tools/bin/../lib/gcc/arm-none-eabi/12.3.1/../../../../arm-none-eabi/lib/thumb/v7e-m+fp/hard\libc_nano.a(libc_a-abort.o)
                0x0800ca7c                abort
 .text._realloc_r
                0x0800ca8a       0x5c C:/ST/STM32CubeIDE_1.15.1/STM32CubeIDE/plugins/com.st.stm32cube.ide.mcu.externaltools.gnu-tools-for-stm32.12.3.rel1.win32_1.0.200.202406191623/tools/bin/../lib/gcc/arm-none-eabi/12.3.1/../../../../arm-none-eabi/lib/thumb/v7e-m+fp/hard\libc_nano.a(libc_a-reallocr.o)
                0x0800ca8a                _realloc_r
 .text._raise_r
                0x0800cae6       0x50 C:/ST/STM32CubeIDE_1.15.1/STM32CubeIDE/plugins/com.st.stm32cube.ide.mcu.externaltools.gnu-tools-for-stm32.12.3.rel1.win32_1.0.200.202406191623/tools/bin/../lib/gcc/arm-none-eabi/12.3.1/../../../../arm-none-eabi/lib/thumb/v7e-m+fp/hard\libc_nano.a(libc_a-signal.o)
                0x0800cae6                _raise_r
 *fill*         0x0800cb36        0x2 
 .text.raise    0x0800cb38       0x10 C:/ST/STM32CubeIDE_1.15.1/STM32CubeIDE/plugins/com.st.stm32cube.ide.mcu.externaltools.gnu-tools-for-stm32.12.3.rel1.win32_1.0.200.202406191623/tools/bin/../lib/gcc/arm-none-eabi/12.3.1/../../../../arm-none-eabi/lib/thumb/v7e-m+fp/hard\libc_nano.a(libc_a-signal.o)
                0x0800cb38                raise
 .text._kill_r  0x0800cb48       0x24 C:/ST/STM32CubeIDE_1.15.1/STM32CubeIDE/plugins/com.st.stm32cube.ide.mcu.externaltools.gnu-tools-for-stm32.12.3.rel1.win32_1.0.200.202406191623/tools/bin/../lib/gcc/arm-none-eabi/12.3.1/../../../../arm-none-eabi/lib/thumb/v7e-m+fp/hard\libc_nano.a(libc_a-signalr.o)
                0x0800cb48                _kill_r
 .text._getpid_r
                0x0800cb6c        0x4 C:/ST/STM32CubeIDE_1.15.1/STM32CubeIDE/plugins/com.st.stm32cube.ide.mcu.externaltools.gnu-tools-for-stm32.12.3.rel1.win32_1.0.200.202406191623/tools/bin/../lib/gcc/arm-none-eabi/12.3.1/../../../../arm-none-eabi/lib/thumb/v7e-m+fp/hard\libc_nano.a(libc_a-signalr.o)
                0x0800cb6c                _getpid_r
 .text._malloc_usable_size_r
                0x0800cb70       0x10 C:/ST/STM32CubeIDE_1.15.1/STM32CubeIDE/plugins/com.st.stm32cube.ide.mcu.externaltools.gnu-tools-for-stm32.12.3.rel1.win32_1.0.200.202406191623/tools/bin/../lib/gcc/arm-none-eabi/12.3.1/../../../../arm-none-eabi/lib/thumb/v7e-m+fp/hard\libc_nano.a(libc_a-msizer.o)
                0x0800cb70                _malloc_usable_size_r
 *(.glue_7)
 .glue_7        0x0800cb80        0x0 linker stubs
 *(.glue_7t)
 .glue_7t       0x0800cb80        0x0 linker stubs
 *(.eh_frame)
 .eh_frame      0x0800cb80        0x0 C:/ST/STM32CubeIDE_1.15.1/STM32CubeIDE/plugins/com.st.stm32cube.ide.mcu.externaltools.gnu-tools-for-stm32.12.3.rel1.win32_1.0.200.202406191623/tools/bin/../lib/gcc/arm-none-eabi/12.3.1/thumb/v7e-m+fp/hard/crtbegin.o
 *(.init)
 .init          0x0800cb80        0x4 C:/ST/STM32CubeIDE_1.15.1/STM32CubeIDE/plugins/com.st.stm32cube.ide.mcu.externaltools.gnu-tools-for-stm32.12.3.rel1.win32_1.0.200.202406191623/tools/bin/../lib/gcc/arm-none-eabi/12.3.1/thumb/v7e-m+fp/hard/crti.o
                0x0800cb80                _init
 .init          0x0800cb84        0x8 C:/ST/STM32CubeIDE_1.15.1/STM32CubeIDE/plugins/com.st.stm32cube.ide.mcu.externaltools.gnu-tools-for-stm32.12.3.rel1.win32_1.0.200.202406191623/tools/bin/../lib/gcc/arm-none-eabi/12.3.1/thumb/v7e-m+fp/hard/crtn.o
 *(.fini)
 .fini          0x0800cb8c        0x4 C:/ST/STM32CubeIDE_1.15.1/STM32CubeIDE/plugins/com.st.stm32cube.ide.mcu.externaltools.gnu-tools-for-stm32.12.3.rel1.win32_1.0.200.202406191623/tools/bin/../lib/gcc/arm-none-eabi/12.3.1/thumb/v7e-m+fp/hard/crti.o
                0x0800cb8c                _fini
 .fini          0x0800cb90        0x8 C:/ST/STM32CubeIDE_1.15.1/STM32CubeIDE/plugins/com.st.stm32cube.ide.mcu.externaltools.gnu-tools-for-stm32.12.3.rel1.win32_1.0.200.202406191623/tools/bin/../lib/gcc/arm-none-eabi/12.3.1/thumb/v7e-m+fp/hard/crtn.o
                0x0800cb98                        . = ALIGN (0x4)
                0x0800cb98                        _etext = .

.vfp11_veneer   0x0800cb98        0x0
 .vfp11_veneer  0x0800cb98        0x0 linker stubs

.v4_bx          0x0800cb98        0x0
 .v4_bx         0x0800cb98        0x0 linker stubs

.iplt           0x0800cb98        0x0
 .iplt          0x0800cb98        0x0 C:/ST/STM32CubeIDE_1.15.1/STM32CubeIDE/plugins/com.st.stm32cube.ide.mcu.externaltools.gnu-tools-for-stm32.12.3.rel1.win32_1.0.200.202406191623/tools/bin/../lib/gcc/arm-none-eabi/12.3.1/thumb/v7e-m+fp/hard/crtbegin.o

.rodata         0x0800cb98     0x1690
                0x0800cb98                        . = ALIGN (0x4)
 *(.rodata)
 .rodata        0x0800cb98       0xd4 ./Libraries/ioLibrary_Driver/Application/loopback/loopback.o
 .rodata        0x0800cc6c       0x12 ./Libraries/ioLibrary_Driver/Internet/DHCP/dhcp.o
 *fill*         0x0800cc7e        0x2 
 .rodata        0x0800cc80       0x22 ./Libraries/ioLibrary_Driver/Internet/TFTP/netutil.o
 *fill*         0x0800cca2        0x2 
 .rodata        0x0800cca4      0x267 ./examples/upnp/MakeXML.o
 *fill*         0x0800cf0b        0x1 
 .rodata        0x0800cf0c      0x3de ./examples/upnp/UPnP.o
 *fill*         0x0800d2ea        0x2 
 .rodata        0x0800d2ec      0x131 ./examples/upnp/app_main.o
 *fill*         0x0800d41d        0x3 
 .rodata        0x0800d420      0x4f1 ./examples/upnp/hyperterminal.o
 *fill*         0x0800d911        0x3 
 .rodata        0x0800d914      0x239 ./port/wizchip_qspi.o
 *(.rodata*)
 *fill*         0x0800db4d        0x3 
 .rodata.AHBPrescTable
                0x0800db50       0x10 ./Core/Src/system_stm32f4xx.o
                0x0800db50                AHBPrescTable
 .rodata.APBPrescTable
                0x0800db60        0x8 ./Core/Src/system_stm32f4xx.o
                0x0800db60                APBPrescTable
 .rodata.flagBitshiftOffset.0
                0x0800db68        0x8 ./Drivers/STM32F4xx_HAL_Driver/Src/stm32f4xx_hal_dma.o
 .rodata.soap_start
                0x0800db70       0xb8 ./examples/upnp/MakeXML.o
                0x0800db70                soap_start
 .rodata.soap_end
                0x0800dc28       0x27 ./examples/upnp/MakeXML.o
                0x0800dc28                soap_end
 *fill*         0x0800dc4f        0x1 
 .rodata.DeletePortMapping_
                0x0800dc50       0x4f ./examples/upnp/MakeXML.o
                0x0800dc50                DeletePortMapping_
 *fill*         0x0800dc9f        0x1 
 .rodata._DeletePortMapping
                0x0800dca0       0x17 ./examples/upnp/MakeXML.o
                0x0800dca0                _DeletePortMapping
 *fill*         0x0800dcb7        0x1 
 .rodata.NewRemoteHost_
                0x0800dcb8       0x4e ./examples/upnp/MakeXML.o
                0x0800dcb8                NewRemoteHost_
 *fill*         0x0800dd06        0x2 
 .rodata._NewRemoteHost
                0x0800dd08       0x11 ./examples/upnp/MakeXML.o
                0x0800dd08                _NewRemoteHost
 *fill*         0x0800dd19        0x3 
 .rodata.NewExternalPort_
                0x0800dd1c       0x4d ./examples/upnp/MakeXML.o
                0x0800dd1c                NewExternalPort_
 *fill*         0x0800dd69        0x3 
 .rodata._NewExternalPort
                0x0800dd6c       0x13 ./examples/upnp/MakeXML.o
                0x0800dd6c                _NewExternalPort
 *fill*         0x0800dd7f        0x1 
 .rodata.NewProtocol_
                0x0800dd80       0x4c ./examples/upnp/MakeXML.o
                0x0800dd80                NewProtocol_
 .rodata._NewProtocol
                0x0800ddcc        0xf ./examples/upnp/MakeXML.o
                0x0800ddcc                _NewProtocol
 *fill*         0x0800dddb        0x1 
 .rodata.AddPortMapping_
                0x0800dddc       0x4c ./examples/upnp/MakeXML.o
                0x0800dddc                AddPortMapping_
 .rodata._AddPortMapping
                0x0800de28       0x14 ./examples/upnp/MakeXML.o
                0x0800de28                _AddPortMapping
 .rodata.NewInternalPort_
                0x0800de3c       0x4d ./examples/upnp/MakeXML.o
                0x0800de3c                NewInternalPort_
 *fill*         0x0800de89        0x3 
 .rodata._NewInternalPort
                0x0800de8c       0x13 ./examples/upnp/MakeXML.o
                0x0800de8c                _NewInternalPort
 *fill*         0x0800de9f        0x1 
 .rodata.NewInternalClient_
                0x0800dea0       0x52 ./examples/upnp/MakeXML.o
                0x0800dea0                NewInternalClient_
 *fill*         0x0800def2        0x2 
 .rodata._NewInternalClient
                0x0800def4       0x15 ./examples/upnp/MakeXML.o
                0x0800def4                _NewInternalClient
 *fill*         0x0800df09        0x3 
 .rodata.NewEnabled
                0x0800df0c       0x5a ./examples/upnp/MakeXML.o
                0x0800df0c                NewEnabled
 *fill*         0x0800df66        0x2 
 .rodata.NewPortMappingDescription_
                0x0800df68       0x5a ./examples/upnp/MakeXML.o
                0x0800df68                NewPortMappingDescription_
 *fill*         0x0800dfc2        0x2 
 .rodata._NewPortMappingDescription
                0x0800dfc4       0x1d ./examples/upnp/MakeXML.o
                0x0800dfc4                _NewPortMappingDescription
 *fill*         0x0800dfe1        0x3 
 .rodata.NewLeaseDuration
                0x0800dfe4       0x62 ./examples/upnp/MakeXML.o
                0x0800dfe4                NewLeaseDuration
 .rodata._ctype_
                0x0800e046      0x101 C:/ST/STM32CubeIDE_1.15.1/STM32CubeIDE/plugins/com.st.stm32cube.ide.mcu.externaltools.gnu-tools-for-stm32.12.3.rel1.win32_1.0.200.202406191623/tools/bin/../lib/gcc/arm-none-eabi/12.3.1/../../../../arm-none-eabi/lib/thumb/v7e-m+fp/hard\libc_nano.a(libc_a-ctype_.o)
                0x0800e046                _ctype_
 .rodata.strtok.str1.1
                0x0800e147       0x71 C:/ST/STM32CubeIDE_1.15.1/STM32CubeIDE/plugins/com.st.stm32cube.ide.mcu.externaltools.gnu-tools-for-stm32.12.3.rel1.win32_1.0.200.202406191623/tools/bin/../lib/gcc/arm-none-eabi/12.3.1/../../../../arm-none-eabi/lib/thumb/v7e-m+fp/hard\libc_nano.a(libc_a-strtok.o)
 .rodata.__assert_func.str1.1
                0x0800e1b8       0x3c C:/ST/STM32CubeIDE_1.15.1/STM32CubeIDE/plugins/com.st.stm32cube.ide.mcu.externaltools.gnu-tools-for-stm32.12.3.rel1.win32_1.0.200.202406191623/tools/bin/../lib/gcc/arm-none-eabi/12.3.1/../../../../arm-none-eabi/lib/thumb/v7e-m+fp/hard\libc_nano.a(libc_a-assert.o)
                                 0x3d (size before relaxing)
 .rodata._svfprintf_r.str1.1
                0x0800e1f4       0x11 C:/ST/STM32CubeIDE_1.15.1/STM32CubeIDE/plugins/com.st.stm32cube.ide.mcu.externaltools.gnu-tools-for-stm32.12.3.rel1.win32_1.0.200.202406191623/tools/bin/../lib/gcc/arm-none-eabi/12.3.1/../../../../arm-none-eabi/lib/thumb/v7e-m+fp/hard\libc_nano.a(libc_a-nano-svfprintf.o)
 .rodata._vfprintf_r.str1.1
                0x0800e205       0x11 C:/ST/STM32CubeIDE_1.15.1/STM32CubeIDE/plugins/com.st.stm32cube.ide.mcu.externaltools.gnu-tools-for-stm32.12.3.rel1.win32_1.0.200.202406191623/tools/bin/../lib/gcc/arm-none-eabi/12.3.1/../../../../arm-none-eabi/lib/thumb/v7e-m+fp/hard\libc_nano.a(libc_a-nano-vfprintf.o)
 .rodata._printf_i.str1.1
                0x0800e205       0x22 C:/ST/STM32CubeIDE_1.15.1/STM32CubeIDE/plugins/com.st.stm32cube.ide.mcu.externaltools.gnu-tools-for-stm32.12.3.rel1.win32_1.0.200.202406191623/tools/bin/../lib/gcc/arm-none-eabi/12.3.1/../../../../arm-none-eabi/lib/thumb/v7e-m+fp/hard\libc_nano.a(libc_a-nano-vfprintf_i.o)
                0x0800e228                        . = ALIGN (0x4)
 *fill*         0x0800e227        0x1 

.ARM.extab      0x0800e228        0x0
                0x0800e228                        . = ALIGN (0x4)
 *(.ARM.extab* .gnu.linkonce.armextab.*)
                0x0800e228                        . = ALIGN (0x4)

.ARM            0x0800e228        0x8
                0x0800e228                        . = ALIGN (0x4)
                0x0800e228                        __exidx_start = .
 *(.ARM.exidx*)
 .ARM.exidx     0x0800e228        0x8 C:/ST/STM32CubeIDE_1.15.1/STM32CubeIDE/plugins/com.st.stm32cube.ide.mcu.externaltools.gnu-tools-for-stm32.12.3.rel1.win32_1.0.200.202406191623/tools/bin/../lib/gcc/arm-none-eabi/12.3.1/../../../../arm-none-eabi/lib/thumb/v7e-m+fp/hard\libc_nano.a(libc_a-strcmp.o)
 .ARM.exidx     0x0800e230        0x0 C:/ST/STM32CubeIDE_1.15.1/STM32CubeIDE/plugins/com.st.stm32cube.ide.mcu.externaltools.gnu-tools-for-stm32.12.3.rel1.win32_1.0.200.202406191623/tools/bin/../lib/gcc/arm-none-eabi/12.3.1/../../../../arm-none-eabi/lib/thumb/v7e-m+fp/hard\libc_nano.a(libc_a-strlen.o)
                                  0x8 (size before relaxing)
 .ARM.exidx     0x0800e230        0x0 C:/ST/STM32CubeIDE_1.15.1/STM32CubeIDE/plugins/com.st.stm32cube.ide.mcu.externaltools.gnu-tools-for-stm32.12.3.rel1.win32_1.0.200.202406191623/tools/bin/../lib/gcc/arm-none-eabi/12.3.1/../../../../arm-none-eabi/lib/thumb/v7e-m+fp/hard\libc_nano.a(libc_a-memchr.o)
                                  0x8 (size before relaxing)
 .ARM.exidx     0x0800e230        0x0 C:/ST/STM32CubeIDE_1.15.1/STM32CubeIDE/plugins/com.st.stm32cube.ide.mcu.externaltools.gnu-tools-for-stm32.12.3.rel1.win32_1.0.200.202406191623/tools/bin/../lib/gcc/arm-none-eabi/12.3.1/thumb/v7e-m+fp/hard\libgcc.a(_udivmoddi4.o)
                                  0x8 (size before relaxing)
                0x0800e230                        __exidx_end = .
                0x0800e230                        . = ALIGN (0x4)

.preinit_array  0x0800e230        0x0
                0x0800e230                        . = ALIGN (0x4)
                0x0800e230                        PROVIDE (__preinit_array_start = .)
 *(.preinit_array*)
                0x0800e230                        PROVIDE (__preinit_array_end = .)
                0x0800e230                        . = ALIGN (0x4)

.init_array     0x0800e230        0x4
                0x0800e230                        . = ALIGN (0x4)
                0x0800e230                        PROVIDE (__init_array_start = .)
 *(SORT_BY_NAME(.init_array.*))
 *(.init_array*)
 .init_array    0x0800e230        0x4 C:/ST/STM32CubeIDE_1.15.1/STM32CubeIDE/plugins/com.st.stm32cube.ide.mcu.externaltools.gnu-tools-for-stm32.12.3.rel1.win32_1.0.200.202406191623/tools/bin/../lib/gcc/arm-none-eabi/12.3.1/thumb/v7e-m+fp/hard/crtbegin.o
                0x0800e234                        PROVIDE (__init_array_end = .)
                0x0800e234                        . = ALIGN (0x4)

.fini_array     0x0800e234        0x4
                0x0800e234                        . = ALIGN (0x4)
                [!provide]                        PROVIDE (__fini_array_start = .)
 *(SORT_BY_NAME(.fini_array.*))
 *(.fini_array*)
 .fini_array    0x0800e234        0x4 C:/ST/STM32CubeIDE_1.15.1/STM32CubeIDE/plugins/com.st.stm32cube.ide.mcu.externaltools.gnu-tools-for-stm32.12.3.rel1.win32_1.0.200.202406191623/tools/bin/../lib/gcc/arm-none-eabi/12.3.1/thumb/v7e-m+fp/hard/crtbegin.o
                [!provide]                        PROVIDE (__fini_array_end = .)
                0x0800e238                        . = ALIGN (0x4)
                0x0800e238                        _sidata = LOADADDR (.data)

.rel.dyn        0x0800e238        0x0
 .rel.iplt      0x0800e238        0x0 C:/ST/STM32CubeIDE_1.15.1/STM32CubeIDE/plugins/com.st.stm32cube.ide.mcu.externaltools.gnu-tools-for-stm32.12.3.rel1.win32_1.0.200.202406191623/tools/bin/../lib/gcc/arm-none-eabi/12.3.1/thumb/v7e-m+fp/hard/crtbegin.o

.data           0x20000000      0x1c0 load address 0x0800e238
                0x20000000                        . = ALIGN (0x4)
                0x20000000                        _sdata = .
 *(.data)
 *(.data*)
 .data.SystemCoreClock
                0x20000000        0x4 ./Core/Src/system_stm32f4xx.o
                0x20000000                SystemCoreClock
 .data.uwTickPrio
                0x20000004        0x4 ./Drivers/STM32F4xx_HAL_Driver/Src/stm32f4xx_hal.o
                0x20000004                uwTickPrio
 .data.uwTickFreq
                0x20000008        0x1 ./Drivers/STM32F4xx_HAL_Driver/Src/stm32f4xx_hal.o
                0x20000008                uwTickFreq
 *fill*         0x20000009        0x3 
 .data.msg_v4   0x2000000c        0x4 ./Libraries/ioLibrary_Driver/Application/loopback/loopback.o
                0x2000000c                msg_v4
 .data.msg_v6   0x20000010        0x4 ./Libraries/ioLibrary_Driver/Application/loopback/loopback.o
                0x20000010                msg_v6
 .data.msg_dual
                0x20000014        0x4 ./Libraries/ioLibrary_Driver/Application/loopback/loopback.o
                0x20000014                msg_dual
 .data.sock_any_port
                0x20000018        0x2 ./Libraries/ioLibrary_Driver/Ethernet/socket.o
 *fill*         0x2000001a        0x2 
 .data.WIZCHIP  0x2000001c       0x2c ./Libraries/ioLibrary_Driver/Ethernet/wizchip_conf.o
                0x2000001c                WIZCHIP
 .data.dhcp_lease_time
                0x20000048        0x4 ./Libraries/ioLibrary_Driver/Internet/DHCP/dhcp.o
                0x20000048                dhcp_lease_time
 .data.dhcp_tick_next
                0x2000004c        0x4 ./Libraries/ioLibrary_Driver/Internet/DHCP/dhcp.o
                0x2000004c                dhcp_tick_next
 .data.HOST_NAME
                0x20000050        0x8 ./Libraries/ioLibrary_Driver/Internet/DHCP/dhcp.o
                0x20000050                HOST_NAME
 .data.dhcp_ip_assign
                0x20000058        0x4 ./Libraries/ioLibrary_Driver/Internet/DHCP/dhcp.o
                0x20000058                dhcp_ip_assign
 .data.dhcp_ip_update
                0x2000005c        0x4 ./Libraries/ioLibrary_Driver/Internet/DHCP/dhcp.o
                0x2000005c                dhcp_ip_update
 .data.dhcp_ip_conflict
                0x20000060        0x4 ./Libraries/ioLibrary_Driver/Internet/DHCP/dhcp.o
                0x20000060                dhcp_ip_conflict
 .data.SSDP     0x20000064       0x86 ./examples/upnp/UPnP.o
                0x20000064                SSDP
 *fill*         0x200000ea        0x2 
 .data.tx_size  0x200000ec        0x8 ./examples/upnp/app_main.o
 .data.rx_size  0x200000f4        0x8 ./examples/upnp/app_main.o
 .data.g_net_info
                0x200000fc       0x68 ./examples/upnp/app_main.o
 .data.__sglue  0x20000164        0xc C:/ST/STM32CubeIDE_1.15.1/STM32CubeIDE/plugins/com.st.stm32cube.ide.mcu.externaltools.gnu-tools-for-stm32.12.3.rel1.win32_1.0.200.202406191623/tools/bin/../lib/gcc/arm-none-eabi/12.3.1/../../../../arm-none-eabi/lib/thumb/v7e-m+fp/hard\libc_nano.a(libc_a-findfp.o)
                0x20000164                __sglue
 .data._impure_ptr
                0x20000170        0x4 C:/ST/STM32CubeIDE_1.15.1/STM32CubeIDE/plugins/com.st.stm32cube.ide.mcu.externaltools.gnu-tools-for-stm32.12.3.rel1.win32_1.0.200.202406191623/tools/bin/../lib/gcc/arm-none-eabi/12.3.1/../../../../arm-none-eabi/lib/thumb/v7e-m+fp/hard\libc_nano.a(libc_a-impure.o)
                0x20000170                _impure_ptr
 .data._impure_data